###############################################################################
#
# IAR ELF Linker V8.40.1.212/W32 for ARM                  17/Jan/2025  22:46:41
# Copyright 2007-2019 IAR Systems AB.
#
#    Output file  =  E:\AnyID\Periph\Git\R0001\R0001\Build\Exe\R0001.out
#    Map file     =  E:\AnyID\Periph\Git\R0001\R0001\Build\List\R0001.map
#    Command line =
#        -f C:\Users\swnw\AppData\Local\Temp\EWA19C.tmp
#        (E:\AnyID\Periph\Git\R0001\R0001\Build\Obj\main.o
#        E:\AnyID\Periph\Git\R0001\R0001\Build\Obj\misc.o
#        E:\AnyID\Periph\Git\R0001\R0001\Build\Obj\startup_stm32f10x_hd.o
#        E:\AnyID\Periph\Git\R0001\R0001\Build\Obj\stm32f10x_adc.o
#        E:\AnyID\Periph\Git\R0001\R0001\Build\Obj\stm32f10x_bkp.o
#        E:\AnyID\Periph\Git\R0001\R0001\Build\Obj\stm32f10x_can.o
#        E:\AnyID\Periph\Git\R0001\R0001\Build\Obj\stm32f10x_cec.o
#        E:\AnyID\Periph\Git\R0001\R0001\Build\Obj\stm32f10x_crc.o
#        E:\AnyID\Periph\Git\R0001\R0001\Build\Obj\stm32f10x_dac.o
#        E:\AnyID\Periph\Git\R0001\R0001\Build\Obj\stm32f10x_dbgmcu.o
#        E:\AnyID\Periph\Git\R0001\R0001\Build\Obj\stm32f10x_dma.o
#        E:\AnyID\Periph\Git\R0001\R0001\Build\Obj\stm32f10x_exti.o
#        E:\AnyID\Periph\Git\R0001\R0001\Build\Obj\stm32f10x_flash.o
#        E:\AnyID\Periph\Git\R0001\R0001\Build\Obj\stm32f10x_fsmc.o
#        E:\AnyID\Periph\Git\R0001\R0001\Build\Obj\stm32f10x_gpio.o
#        E:\AnyID\Periph\Git\R0001\R0001\Build\Obj\stm32f10x_i2c.o
#        E:\AnyID\Periph\Git\R0001\R0001\Build\Obj\stm32f10x_it.o
#        E:\AnyID\Periph\Git\R0001\R0001\Build\Obj\stm32f10x_iwdg.o
#        E:\AnyID\Periph\Git\R0001\R0001\Build\Obj\stm32f10x_pwr.o
#        E:\AnyID\Periph\Git\R0001\R0001\Build\Obj\stm32f10x_rcc.o
#        E:\AnyID\Periph\Git\R0001\R0001\Build\Obj\stm32f10x_rtc.o
#        E:\AnyID\Periph\Git\R0001\R0001\Build\Obj\stm32f10x_sdio.o
#        E:\AnyID\Periph\Git\R0001\R0001\Build\Obj\stm32f10x_spi.o
#        E:\AnyID\Periph\Git\R0001\R0001\Build\Obj\stm32f10x_tim.o
#        E:\AnyID\Periph\Git\R0001\R0001\Build\Obj\stm32f10x_usart.o
#        E:\AnyID\Periph\Git\R0001\R0001\Build\Obj\stm32f10x_wwdg.o
#        E:\AnyID\Periph\Git\R0001\R0001\Build\Obj\SW_Des.o
#        E:\AnyID\Periph\Git\R0001\R0001\Build\Obj\SW_FM17xx.o
#        E:\AnyID\Periph\Git\R0001\R0001\Build\Obj\SW_FM17xx_HL.o
#        E:\AnyID\Periph\Git\R0001\R0001\Build\Obj\SW_FM17xx_ISO14443A.o
#        E:\AnyID\Periph\Git\R0001\R0001\Build\Obj\SW_FRam.o
#        E:\AnyID\Periph\Git\R0001\R0001\Build\Obj\SW_R0001_Device.o
#        E:\AnyID\Periph\Git\R0001\R0001\Build\Obj\SW_R0001_FRam.o
#        E:\AnyID\Periph\Git\R0001\R0001\Build\Obj\SW_R0001_FRam_HL.o
#        E:\AnyID\Periph\Git\R0001\R0001\Build\Obj\SW_R0001_R485.o
#        E:\AnyID\Periph\Git\R0001\R0001\Build\Obj\SW_R0001_R485_HL.o
#        E:\AnyID\Periph\Git\R0001\R0001\Build\Obj\SW_R0001_SysCfg.o
#        E:\AnyID\Periph\Git\R0001\R0001\Build\Obj\SW_R0001_SysTick_HL.o
#        E:\AnyID\Periph\Git\R0001\R0001\Build\Obj\SW_R0001_Uart.o
#        E:\AnyID\Periph\Git\R0001\R0001\Build\Obj\SW_R0001_Uart_HL.o
#        E:\AnyID\Periph\Git\R0001\R0001\Build\Obj\SW_R0001_WDG_HL.o
#        E:\AnyID\Periph\Git\R0001\R0001\Build\Obj\SW_Stdlib.o
#        E:\AnyID\Periph\Git\R0001\R0001\Build\Obj\SW_Uart_Receive.o
#        E:\AnyID\Periph\Git\R0001\R0001\Build\Obj\system_stm32f10x.o
#        --redirect _Printf=_PrintfFull --redirect _Scanf=_ScanfFull
#        --no_out_extension -o
#        E:\AnyID\Periph\Git\R0001\R0001\Build\Exe\R0001.out --map
#        E:\AnyID\Periph\Git\R0001\R0001\Build\List\R0001.map --config
#        E:\AnyID\Periph\Git\R0001\R0001\GD32F103x8.icf --semihosting --entry
#        __iar_program_start --vfe --text_out locale)
#
###############################################################################

*******************************************************************************
*** RUNTIME MODEL ATTRIBUTES
***

CppFlavor       = *
__SystemLibrary = DLib
__dlib_version  = 6


*******************************************************************************
*** HEAP SELECTION
***

The basic heap was selected because no calls to memory allocation
functions were found in the application outside of system library
functions, and there are calls to deallocation functions in the
application.


*******************************************************************************
*** PLACEMENT SUMMARY
***

"A0":  place at address 0x800'4000 { ro section .intvec };
"P1":  place in [from 0x800'4000 to 0x800'ffff] { ro };
define block CSTACK with size = 1K, alignment = 8 { };
define block HEAP with size = 512, alignment = 8 { };
"P2":  place in [from 0x2000'0000 to 0x2000'4fff] {
          rw, block CSTACK, block HEAP };
initialize by copy { rw };

  Section            Kind         Address    Size  Object
  -------            ----         -------    ----  ------
"A0":                                       0x130
  .intvec            ro code   0x800'4000   0x130  startup_stm32f10x_hd.o [1]
                             - 0x800'4130   0x130

"P1", part 1 of 2:                          0x8ec
  .text              ro code   0x800'4130   0x5b0  SW_R0001_Device.o [1]
  .text              ro code   0x800'46e0    0x3a  zero_init3.o [3]
  .text              ro code   0x800'471c   0x300  SW_FM17xx_ISO14443A.o [1]
                             - 0x800'4a1c   0x8ec

Absolute sections, part 1 of 2:              0x32
  .rodata            const     0x800'5000    0x32  SW_R0001_Device.o [1]
                             - 0x800'5032    0x32

Absolute sections, part 2 of 2:              0x32
  .rodata            const     0x800'5080    0x32  SW_R0001_Device.o [1]
                             - 0x800'50b2    0x32

"P1", part 2 of 2:                         0x2020
  .text              ro code   0x800'50b4   0x416  SW_FM17xx.o [1]
  .text              ro code   0x800'54ca   0x236  SW_FRam.o [1]
  .text              ro code   0x800'5700    0x2e  copy_init3.o [3]
  .text              ro code   0x800'5730    0x48  SW_Stdlib.o [1]
  .text              ro code   0x800'5778    0x66  ABImemset.o [3]
  .text              ro code   0x800'57e0    0x2c  SW_R0001_FRam.o [1]
  .text              ro code   0x800'580c   0x158  stm32f10x_flash.o [1]
  .text              ro code   0x800'5964    0xa6  ABImemcpy.o [3]
  .text              ro code   0x800'5a0c    0x68  memcmp.o [3]
  .text              ro code   0x800'5a74   0x142  SW_FM17xx_HL.o [1]
  .text              ro code   0x800'5bb8   0x1ec  SW_R0001_FRam_HL.o [1]
  .text              ro code   0x800'5da4   0x178  stm32f10x_gpio.o [1]
  .text              ro code   0x800'5f1c    0x78  stm32f10x_spi.o [1]
  .text              ro code   0x800'5f94   0x3fc  SW_R0001_SysCfg.o [1]
  .text              ro code   0x800'6390   0x314  stm32f10x_rcc.o [1]
  .text              ro code   0x800'66a4    0xb8  misc.o [1]
  .text              ro code   0x800'675c    0x30  SW_R0001_Uart.o [1]
  .text              ro code   0x800'678c    0xa4  SW_R0001_SysTick_HL.o [1]
  .text              ro code   0x800'6830   0x2c6  stm32f10x_usart.o [1]
  .text              ro code   0x800'6af8   0x180  SW_R0001_Uart_HL.o [1]
  .text              ro code   0x800'6c78    0xda  stm32f10x_tim.o [1]
  .text              ro code   0x800'6d54   0x11e  stm32f10x_it.o [1]
  .text              ro code   0x800'6e74    0x52  system_stm32f10x.o [1]
  .text              ro code   0x800'6ec8    0x28  data_init.o [3]
  .iar.init_table    const     0x800'6ef0    0x24  - Linker created -
  .text              ro code   0x800'6f14    0x1e  cmain.o [3]
  .text              ro code   0x800'6f32     0x4  low_level_init.o [2]
  .text              ro code   0x800'6f36    0x14  main.o [1]
  .text              ro code   0x800'6f4a     0x4  exit.o [2]
  .text              ro code   0x800'6f50     0xa  cexit.o [3]
  .text              ro code   0x800'6f5c    0x14  exit.o [4]
  Initializer bytes  const     0x800'6f70    0x14  <for P2-1>
  .text              ro code   0x800'6f84    0x10  startup_stm32f10x_hd.o [1]
  .text              ro code   0x800'6f94     0xc  cstartup_M.o [3]
  .rodata            const     0x800'6fa0     0x8  SW_FM17xx_HL.o [1]
  .rodata            const     0x800'6fa8     0x8  SW_FM17xx_HL.o [1]
  .rodata            const     0x800'6fb0     0x8  SW_FM17xx_HL.o [1]
  .rodata            const     0x800'6fb8     0x8  SW_R0001_FRam_HL.o [1]
  .rodata            const     0x800'6fc0     0x8  SW_R0001_FRam_HL.o [1]
  .rodata            const     0x800'6fc8     0x8  SW_R0001_SysCfg.o [1]
  .rodata            const     0x800'6fd0     0x8  SW_R0001_SysCfg.o [1]
  .rodata            const     0x800'6fd8     0x8  SW_R0001_SysCfg.o [1]
  .rodata            const     0x800'6fe0     0x8  SW_R0001_Uart_HL.o [1]
  .rodata            const     0x800'6fe8     0x8  SW_R0001_Uart_HL.o [1]
  .text              ro code   0x800'6ff0     0x4  startup_stm32f10x_hd.o [1]
  .text              ro code   0x800'6ff4     0x4  startup_stm32f10x_hd.o [1]
  .text              ro code   0x800'6ff8     0x4  startup_stm32f10x_hd.o [1]
  .text              ro code   0x800'6ffc     0x4  startup_stm32f10x_hd.o [1]
  .text              ro code   0x800'7000     0x4  startup_stm32f10x_hd.o [1]
  .text              ro code   0x800'7004     0x4  startup_stm32f10x_hd.o [1]
  .text              ro code   0x800'7008     0x4  startup_stm32f10x_hd.o [1]
  .text              ro code   0x800'700c     0x4  startup_stm32f10x_hd.o [1]
  .text              ro code   0x800'7010     0x4  startup_stm32f10x_hd.o [1]
  .text              ro code   0x800'7014     0x4  startup_stm32f10x_hd.o [1]
  .text              ro code   0x800'7018     0x4  startup_stm32f10x_hd.o [1]
  .text              ro code   0x800'701c     0x4  startup_stm32f10x_hd.o [1]
  .text              ro code   0x800'7020     0x4  startup_stm32f10x_hd.o [1]
  .text              ro code   0x800'7024     0x4  startup_stm32f10x_hd.o [1]
  .text              ro code   0x800'7028     0x4  startup_stm32f10x_hd.o [1]
  .text              ro code   0x800'702c     0x4  startup_stm32f10x_hd.o [1]
  .text              ro code   0x800'7030     0x4  startup_stm32f10x_hd.o [1]
  .text              ro code   0x800'7034     0x4  startup_stm32f10x_hd.o [1]
  .text              ro code   0x800'7038     0x4  startup_stm32f10x_hd.o [1]
  .text              ro code   0x800'703c     0x4  startup_stm32f10x_hd.o [1]
  .text              ro code   0x800'7040     0x4  startup_stm32f10x_hd.o [1]
  .text              ro code   0x800'7044     0x4  startup_stm32f10x_hd.o [1]
  .text              ro code   0x800'7048     0x4  startup_stm32f10x_hd.o [1]
  .text              ro code   0x800'704c     0x4  startup_stm32f10x_hd.o [1]
  .text              ro code   0x800'7050     0x4  startup_stm32f10x_hd.o [1]
  .text              ro code   0x800'7054     0x4  startup_stm32f10x_hd.o [1]
  .text              ro code   0x800'7058     0x4  startup_stm32f10x_hd.o [1]
  .text              ro code   0x800'705c     0x4  startup_stm32f10x_hd.o [1]
  .text              ro code   0x800'7060     0x4  startup_stm32f10x_hd.o [1]
  .text              ro code   0x800'7064     0x4  startup_stm32f10x_hd.o [1]
  .text              ro code   0x800'7068     0x4  startup_stm32f10x_hd.o [1]
  .text              ro code   0x800'706c     0x4  startup_stm32f10x_hd.o [1]
  .text              ro code   0x800'7070     0x4  startup_stm32f10x_hd.o [1]
  .text              ro code   0x800'7074     0x4  startup_stm32f10x_hd.o [1]
  .text              ro code   0x800'7078     0x4  startup_stm32f10x_hd.o [1]
  .text              ro code   0x800'707c     0x4  startup_stm32f10x_hd.o [1]
  .text              ro code   0x800'7080     0x4  startup_stm32f10x_hd.o [1]
  .text              ro code   0x800'7084     0x4  startup_stm32f10x_hd.o [1]
  .text              ro code   0x800'7088     0x4  startup_stm32f10x_hd.o [1]
  .text              ro code   0x800'708c     0x4  startup_stm32f10x_hd.o [1]
  .text              ro code   0x800'7090     0x4  startup_stm32f10x_hd.o [1]
  .text              ro code   0x800'7094     0x4  startup_stm32f10x_hd.o [1]
  .text              ro code   0x800'7098     0x4  startup_stm32f10x_hd.o [1]
  .text              ro code   0x800'709c     0x4  startup_stm32f10x_hd.o [1]
  .text              ro code   0x800'70a0     0x4  startup_stm32f10x_hd.o [1]
  .text              ro code   0x800'70a4     0x4  startup_stm32f10x_hd.o [1]
  .text              ro code   0x800'70a8     0x4  startup_stm32f10x_hd.o [1]
  .text              ro code   0x800'70ac     0x4  startup_stm32f10x_hd.o [1]
  .text              ro code   0x800'70b0     0x4  startup_stm32f10x_hd.o [1]
  .text              ro code   0x800'70b4     0x4  startup_stm32f10x_hd.o [1]
  .text              ro code   0x800'70b8     0x4  startup_stm32f10x_hd.o [1]
  .text              ro code   0x800'70bc     0x4  startup_stm32f10x_hd.o [1]
  .text              ro code   0x800'70c0     0x4  startup_stm32f10x_hd.o [1]
  .text              ro code   0x800'70c4     0x4  startup_stm32f10x_hd.o [1]
  .text              ro code   0x800'70c8     0x4  startup_stm32f10x_hd.o [1]
  .text              ro code   0x800'70cc     0x4  startup_stm32f10x_hd.o [1]
  .text              ro code   0x800'70d0     0x4  startup_stm32f10x_hd.o [1]
  .rodata            const     0x800'70d4     0x0  zero_init3.o [3]
  .rodata            const     0x800'70d4     0x0  copy_init3.o [3]
                             - 0x800'70d4  0x2020

"P2", part 1 of 3:                           0x14
  P2-1                        0x2000'0000    0x14  <Init block>
    .data            inited   0x2000'0000    0x10  stm32f10x_rcc.o [1]
    .data            inited   0x2000'0010     0x4  stm32f10x_rcc.o [1]
                            - 0x2000'0014    0x14

"P2", part 2 of 3:                          0xe3c
  .bss               zero     0x2000'0014   0x60c  SW_R0001_Uart.o [1]
  .bss               zero     0x2000'0620   0x60c  SW_R0001_Uart.o [1]
  .bss               zero     0x2000'0c2c   0x108  SW_R0001_Device.o [1]
  .bss               zero     0x2000'0d34    0x54  SW_R0001_Device.o [1]
  .bss               zero     0x2000'0d88    0x48  SW_FM17xx.o [1]
  .bss               zero     0x2000'0dd0    0x48  SW_R0001_Device.o [1]
  .bss               zero     0x2000'0e18    0x10  SW_R0001_Device.o [1]
  .bss               zero     0x2000'0e28     0xc  SW_R0001_Device.o [1]
  .bss               zero     0x2000'0e34     0x8  SW_R0001_FRam.o [1]
  .bss               zero     0x2000'0e3c     0x4  SW_R0001_SysCfg.o [1]
  .bss               zero     0x2000'0e40     0x4  SW_R0001_SysCfg.o [1]
  .bss               zero     0x2000'0e44     0x4  SW_R0001_SysCfg.o [1]
  .bss               zero     0x2000'0e48     0x4  SW_R0001_SysTick_HL.o [1]
  .bss               zero     0x2000'0e4c     0x4  SW_R0001_SysTick_HL.o [1]
                            - 0x2000'0e50   0xe3c

"P2", part 3 of 3:                          0x400
  CSTACK                      0x2000'0e50   0x400  <Block>
    CSTACK           uninit   0x2000'0e50   0x400  <Block tail>
                            - 0x2000'1250   0x400

Unused ranges:

         From           To    Size
         ----           --    ----
   0x800'4a1c   0x800'4fff   0x5e4
   0x800'5032   0x800'507f    0x4e
   0x800'50b2   0x800'50b3     0x2
   0x800'70d4   0x800'ffff  0x8f2c
  0x2000'1250  0x2000'4fff  0x3db0


*******************************************************************************
*** INIT TABLE
***

          Address      Size
          -------      ----
Zero (__iar_zero_init3)
    1 destination range, total size 0xe3c:
          0x2000'0014  0xe3c

Copy (__iar_copy_init3)
    1 source range, total size 0x14:
           0x800'6f70   0x14
    1 destination range, total size 0x14:
          0x2000'0000   0x14



*******************************************************************************
*** MODULE SUMMARY
***

    Module                  ro code  ro data  rw data  ro data
                                                        (abs)
    ------                  -------  -------  -------  -------
command line/config:
    ----------------------------------------------------------
    Total:

E:\AnyID\Periph\Git\R0001\R0001\Build\Obj: [1]
    SW_FM17xx.o               1'046                72
    SW_FM17xx_HL.o              322       24
    SW_FM17xx_ISO14443A.o       768
    SW_FRam.o                   566
    SW_R0001_Device.o         1'456               448      100
    SW_R0001_FRam.o              44                 8
    SW_R0001_FRam_HL.o          492       16
    SW_R0001_SysCfg.o         1'020       24       12
    SW_R0001_SysTick_HL.o       164                 8
    SW_R0001_Uart.o              48             3'096
    SW_R0001_Uart_HL.o          384       16
    SW_Stdlib.o                  72
    main.o                       20
    misc.o                      184
    startup_stm32f10x_hd.o      548
    stm32f10x_flash.o           344
    stm32f10x_gpio.o            376
    stm32f10x_it.o              286
    stm32f10x_rcc.o             788       20       20
    stm32f10x_spi.o             120
    stm32f10x_tim.o             218
    stm32f10x_usart.o           710
    system_stm32f10x.o           82
    ----------------------------------------------------------
    Total:                   10'058      100    3'664      100

dl7M_tlf.a: [2]
    exit.o                        4
    low_level_init.o              4
    ----------------------------------------------------------
    Total:                        8

rt7M_tl.a: [3]
    ABImemcpy.o                 166
    ABImemset.o                 102
    cexit.o                      10
    cmain.o                      30
    copy_init3.o                 46
    cstartup_M.o                 12
    data_init.o                  40
    memcmp.o                    104
    zero_init3.o                 58
    ----------------------------------------------------------
    Total:                      568

shb_l.a: [4]
    exit.o                       20
    ----------------------------------------------------------
    Total:                       20

    Gaps                         22
    Linker created                        36    1'024
--------------------------------------------------------------
    Grand Total:             10'676      136    4'688      100


*******************************************************************************
*** ENTRY LIST
***

Entry                       Address   Size  Type      Object
-----                       -------   ----  ----      ------
.iar.init_table$$Base    0x800'6ef0          --   Gb  - Linker created -
.iar.init_table$$Limit   0x800'6f14          --   Gb  - Linker created -
?main                    0x800'6f15         Code  Gb  cmain.o [3]
ADCPrescTable           0x2000'0010    0x4  Data  Lc  stm32f10x_rcc.o [1]
APBAHBPrescTable        0x2000'0000   0x10  Data  Lc  stm32f10x_rcc.o [1]
BusFault_Handler         0x800'6d5b    0x2  Code  Gb  stm32f10x_it.o [1]
CSTACK$$Base            0x2000'0e50          --   Gb  - Linker created -
CSTACK$$Limit           0x2000'1250          --   Gb  - Linker created -
DEVICE_HARD_TYPE         0x800'5080   0x32  Data  Gb  SW_R0001_Device.o [1]
DEVICE_VERSION           0x800'5000   0x32  Data  Gb  SW_R0001_Device.o [1]
DebugMon_Handler         0x800'6d61    0x2  Code  Gb  stm32f10x_it.o [1]
Device_AutoTask          0x800'43e9   0x80  Code  Gb  SW_R0001_Device.o [1]
Device_Delayms           0x800'42cd   0x12  Code  Gb  SW_R0001_Device.o [1]
Device_ReadBootParamenter
                         0x800'42df   0x88  Code  Gb  SW_R0001_Device.o [1]
Device_Receive           0x800'44f1   0x12  Code  Gb  SW_R0001_Device.o [1]
Device_SkipAntiShake     0x800'4503   0x2c  Code  Gb  SW_R0001_Device.o [1]
Device_Step              0x800'452f  0x18a  Code  Gb  SW_R0001_Device.o [1]
Device_Transm            0x800'4469   0x88  Code  Gb  SW_R0001_Device.o [1]
Device_WriteBootParamenter
                         0x800'4367   0x82  Code  Gb  SW_R0001_Device.o [1]
FLASH_ErasePage          0x800'5853   0x54  Code  Gb  stm32f10x_flash.o [1]
FLASH_GetBank1Status     0x800'58f1   0x28  Code  Gb  stm32f10x_flash.o [1]
FLASH_Lock               0x800'5845    0xe  Code  Gb  stm32f10x_flash.o [1]
FLASH_PrefetchBufferCmd
                         0x800'581f   0x14  Code  Gb  stm32f10x_flash.o [1]
FLASH_ProgramHalfWord    0x800'58a7   0x4a  Code  Gb  stm32f10x_flash.o [1]
FLASH_SetLatency         0x800'580d   0x12  Code  Gb  stm32f10x_flash.o [1]
FLASH_Unlock             0x800'5833   0x12  Code  Gb  stm32f10x_flash.o [1]
FLASH_WaitForLastOperation
                         0x800'5935   0x30  Code  Gb  stm32f10x_flash.o [1]
FM17XX_CS_COM            0x800'6fa8    0x8  Data  Gb  SW_FM17xx_HL.o [1]
FM17XX_PORT_SPI          0x800'6fb0    0x8  Data  Gb  SW_FM17xx_HL.o [1]
FM17XX_RST_COM           0x800'6fa0    0x8  Data  Gb  SW_FM17xx_HL.o [1]
FM17xx_ClearRegBit       0x800'5143   0x22  Code  Gb  SW_FM17xx.o [1]
FM17xx_Command           0x800'5263  0x1fa  Code  Gb  SW_FM17xx.o [1]
FM17xx_Config            0x800'5469   0x62  Code  Gb  SW_FM17xx.o [1]
FM17xx_Delay16us         0x800'5b9d   0x1a  Code  Gb  SW_FM17xx_HL.o [1]
FM17xx_InitInterface     0x800'5a75   0xce  Code  Gb  SW_FM17xx_HL.o [1]
FM17xx_ReadFIFO          0x800'5165   0x5e  Code  Gb  SW_FM17xx.o [1]
FM17xx_ReadReg           0x800'50eb   0x36  Code  Gb  SW_FM17xx.o [1]
FM17xx_Reset             0x800'5211   0x52  Code  Gb  SW_FM17xx.o [1]
FM17xx_SetRegBit         0x800'5121   0x22  Code  Gb  SW_FM17xx.o [1]
FM17xx_WriteByte         0x800'5b43   0x4a  Code  Gb  SW_FM17xx_HL.o [1]
FM17xx_WriteFIFO         0x800'51c3   0x4e  Code  Gb  SW_FM17xx.o [1]
FM17xx_WriteReg          0x800'50b5   0x36  Code  Gb  SW_FM17xx.o [1]
FRAM_SCL_PORT            0x800'6fc0    0x8  Data  Gb  SW_R0001_FRam_HL.o [1]
FRAM_SDA_PORT            0x800'6fb8    0x8  Data  Gb  SW_R0001_FRam_HL.o [1]
FRam_Delayms             0x800'5bc7   0x12  Code  Gb  SW_R0001_FRam_HL.o [1]
FRam_I2CAck              0x800'5c61   0x30  Code  Gb  SW_R0001_FRam_HL.o [1]
FRam_I2CDelay            0x800'5bb9    0xe  Code  Gb  SW_R0001_FRam_HL.o [1]
FRam_I2CNoAck            0x800'5c91   0x30  Code  Gb  SW_R0001_FRam_HL.o [1]
FRam_I2CReceiveByte      0x800'5d4d   0x4e  Code  Gb  SW_R0001_FRam_HL.o [1]
FRam_I2CSendByte         0x800'5d03   0x4a  Code  Gb  SW_R0001_FRam_HL.o [1]
FRam_I2CStart            0x800'5bd9   0x58  Code  Gb  SW_R0001_FRam_HL.o [1]
FRam_I2CStop             0x800'5c31   0x30  Code  Gb  SW_R0001_FRam_HL.o [1]
FRam_I2CWaitAck          0x800'5cc1   0x42  Code  Gb  SW_R0001_FRam_HL.o [1]
FRam_ReadBuffer          0x800'54cb   0xe2  Code  Gb  SW_FRam.o [1]
FRam_WriteBuffer         0x800'5659   0xa8  Code  Gb  SW_FRam.o [1]
FRam_WritePage           0x800'55ad   0xac  Code  Gb  SW_FRam.o [1]
Fram_WriteBootParamenter
                         0x800'57e1   0x24  Code  Gb  SW_R0001_FRam.o [1]
GPIO_Init                0x800'5da5   0xea  Code  Gb  stm32f10x_gpio.o [1]
GPIO_PinRemapConfig      0x800'5e8f   0x84  Code  Gb  stm32f10x_gpio.o [1]
HardFault_Handler        0x800'6d57    0x2  Code  Gb  stm32f10x_it.o [1]
ISO14443A_AnticollisionTag
                         0x800'47d1   0x84  Code  Gb  SW_FM17xx_ISO14443A.o [1]
ISO14443A_CheckBcc       0x800'475b   0x26  Code  Gb  SW_FM17xx_ISO14443A.o [1]
ISO14443A_GetUid         0x800'48db  0x13c  Code  Gb  SW_FM17xx_ISO14443A.o [1]
ISO14443A_Init           0x800'471d   0x3e  Code  Gb  SW_FM17xx_ISO14443A.o [1]
ISO14443A_RequestTag     0x800'4781   0x50  Code  Gb  SW_FM17xx_ISO14443A.o [1]
ISO14443A_SelectTag      0x800'4855   0x86  Code  Gb  SW_FM17xx_ISO14443A.o [1]
MemManage_Handler        0x800'6d59    0x2  Code  Gb  stm32f10x_it.o [1]
NMI_Handler              0x800'6d55    0x2  Code  Gb  stm32f10x_it.o [1]
NVIC_Init                0x800'66af   0x66  Code  Gb  misc.o [1]
NVIC_PriorityGroupConfig
                         0x800'66a5    0xa  Code  Gb  misc.o [1]
NVIC_SetVectorTable      0x800'6715    0xc  Code  Gb  misc.o [1]
PendSV_Handler           0x800'6d63    0x2  Code  Gb  stm32f10x_it.o [1]
RCC_ADCCLKConfig         0x800'64bb   0x10  Code  Gb  stm32f10x_rcc.o [1]
RCC_APB1PeriphClockCmd   0x800'65bf   0x1c  Code  Gb  stm32f10x_rcc.o [1]
RCC_APB1PeriphResetCmd   0x800'65f7   0x1c  Code  Gb  stm32f10x_rcc.o [1]
RCC_APB2PeriphClockCmd   0x800'65a3   0x1c  Code  Gb  stm32f10x_rcc.o [1]
RCC_APB2PeriphResetCmd   0x800'65db   0x1c  Code  Gb  stm32f10x_rcc.o [1]
RCC_DeInit               0x800'6391   0x40  Code  Gb  stm32f10x_rcc.o [1]
RCC_GetClocksFreq        0x800'64cb   0xd8  Code  Gb  stm32f10x_rcc.o [1]
RCC_GetFlagStatus        0x800'6613   0x46  Code  Gb  stm32f10x_rcc.o [1]
RCC_GetSYSCLKSource      0x800'6479    0xa  Code  Gb  stm32f10x_rcc.o [1]
RCC_HCLKConfig           0x800'6483   0x10  Code  Gb  stm32f10x_rcc.o [1]
RCC_HSEConfig            0x800'63d1   0x3a  Code  Gb  stm32f10x_rcc.o [1]
RCC_PCLK1Config          0x800'6493   0x10  Code  Gb  stm32f10x_rcc.o [1]
RCC_PCLK2Config          0x800'64a3   0x12  Code  Gb  stm32f10x_rcc.o [1]
RCC_PLLCmd               0x800'645f    0xa  Code  Gb  stm32f10x_rcc.o [1]
RCC_PLLConfig            0x800'6447   0x18  Code  Gb  stm32f10x_rcc.o [1]
RCC_SYSCLKConfig         0x800'6469   0x10  Code  Gb  stm32f10x_rcc.o [1]
RCC_USBCLKConfig         0x800'64b5    0x6  Code  Gb  stm32f10x_rcc.o [1]
RCC_WaitForHSEStartUp    0x800'640b   0x3c  Code  Gb  stm32f10x_rcc.o [1]
Reader_GetUartBaudrate   0x800'419d   0x2a  Code  Gb  SW_R0001_Device.o [1]
Reader_Init              0x800'4131   0x6c  Code  Gb  SW_R0001_Device.o [1]
Reader_ReadDeviceConfig
                         0x800'41c7   0xe2  Code  Gb  SW_R0001_Device.o [1]
Reader_WriteDeviceConfig
                         0x800'42a9   0x24  Code  Gb  SW_R0001_Device.o [1]
Region$$Table$$Base      0x800'6ef0          --   Gb  - Linker created -
Region$$Table$$Limit     0x800'6f14          --   Gb  - Linker created -
SPI_Cmd                  0x800'5f5b   0x1e  Code  Gb  stm32f10x_spi.o [1]
SPI_I2S_GetFlagStatus    0x800'5f81   0x14  Code  Gb  stm32f10x_spi.o [1]
SPI_I2S_ReceiveData      0x800'5f7d    0x4  Code  Gb  stm32f10x_spi.o [1]
SPI_I2S_SendData         0x800'5f79    0x4  Code  Gb  stm32f10x_spi.o [1]
SPI_Init                 0x800'5f1d   0x3e  Code  Gb  stm32f10x_spi.o [1]
STick_InitSysTick        0x800'67e9   0x26  Code  Gb  SW_R0001_SysTick_HL.o [1]
SVC_Handler              0x800'6d5f    0x2  Code  Gb  stm32f10x_it.o [1]
SYS_ALARMBUZZER_COM      0x800'6fd0    0x8  Data  Gb  SW_R0001_SysCfg.o [1]
SYS_ALARMLED_COM         0x800'6fd8    0x8  Data  Gb  SW_R0001_SysCfg.o [1]
SYS_RUNLED_COM           0x800'6fc8    0x8  Data  Gb  SW_R0001_SysCfg.o [1]
SetSysClock              0x800'6ec5    0x2  Code  Lc  system_stm32f10x.o [1]
SysTick_CLKSourceConfig
                         0x800'6721   0x1c  Code  Gb  misc.o [1]
SysTick_Config           0x800'67b9   0x30  Code  Lc  SW_R0001_SysTick_HL.o [1]
SysTick_Handler          0x800'6d65   0x42  Code  Gb  stm32f10x_it.o [1]
Sys_CfgClock             0x800'5fa7   0x76  Code  Gb  SW_R0001_SysCfg.o [1]
Sys_CfgNVIC              0x800'6039   0x18  Code  Gb  SW_R0001_SysCfg.o [1]
Sys_CfgPeriphClk         0x800'601d   0x1c  Code  Gb  SW_R0001_SysCfg.o [1]
Sys_CtrlIOInit           0x800'6051   0x54  Code  Gb  SW_R0001_SysCfg.o [1]
Sys_Delayms              0x800'5f95   0x12  Code  Gb  SW_R0001_SysCfg.o [1]
Sys_DeviceTask           0x800'6263   0xec  Code  Gb  SW_R0001_SysCfg.o [1]
Sys_Init                 0x800'60a5   0x62  Code  Gb  SW_R0001_SysCfg.o [1]
Sys_LedTask              0x800'6107   0x98  Code  Gb  SW_R0001_SysCfg.o [1]
Sys_UartTask             0x800'619f   0xc4  Code  Gb  SW_R0001_SysCfg.o [1]
SystemInit               0x800'6e75   0x3c  Code  Gb  system_stm32f10x.o [1]
TIM4_IRQHandler          0x800'6e2d   0x22  Code  Gb  stm32f10x_it.o [1]
TIM_Cmd                  0x800'6d1d   0x1e  Code  Gb  stm32f10x_tim.o [1]
TIM_ITConfig             0x800'6d3b   0x18  Code  Gb  stm32f10x_tim.o [1]
TIM_TimeBaseInit         0x800'6c79   0x7c  Code  Gb  stm32f10x_tim.o [1]
UART_PORT_RX             0x800'6fe8    0x8  Data  Gb  SW_R0001_Uart_HL.o [1]
UART_PORT_TX             0x800'6fe0    0x8  Data  Gb  SW_R0001_Uart_HL.o [1]
USART1_IRQHandler        0x800'6da7   0x86  Code  Gb  stm32f10x_it.o [1]
USART_ClearFlag          0x800'6a57   0x10  Code  Gb  stm32f10x_usart.o [1]
USART_ClearITPendingBit
                         0x800'6ad1   0x26  Code  Gb  stm32f10x_usart.o [1]
USART_Cmd                0x800'69ad   0x1e  Code  Gb  stm32f10x_usart.o [1]
USART_DeInit             0x800'6831   0x90  Code  Gb  stm32f10x_usart.o [1]
USART_GetFlagStatus      0x800'6a3b   0x1c  Code  Gb  stm32f10x_usart.o [1]
USART_GetITStatus        0x800'6a67   0x6a  Code  Gb  stm32f10x_usart.o [1]
USART_ITConfig           0x800'69cb   0x70  Code  Gb  stm32f10x_usart.o [1]
USART_Init               0x800'68c1   0xd6  Code  Gb  stm32f10x_usart.o [1]
USB_LP_CAN1_RX0_IRQHandler
                         0x800'6e71    0x2  Code  Gb  stm32f10x_it.o [1]
Uart_ConfigInt           0x800'6c0b   0x2e  Code  Gb  SW_R0001_Uart_HL.o [1]
Uart_EnableInt           0x800'6c39   0x30  Code  Gb  SW_R0001_Uart_HL.o [1]
Uart_Init                0x800'675d   0x30  Code  Gb  SW_R0001_Uart.o [1]
Uart_InitInterface       0x800'6af9   0x8c  Code  Gb  SW_R0001_Uart_HL.o [1]
Uart_InitTimer           0x800'6b85   0x86  Code  Gb  SW_R0001_Uart_HL.o [1]
UsageFault_Handler       0x800'6d5d    0x2  Code  Gb  stm32f10x_it.o [1]
__ICFEDIT_region_RAM_end__ {Abs}
                        0x2000'4fff         Data  Gb  <internal module>
__ICFEDIT_region_RAM_start__ {Abs}
                        0x2000'0000         Data  Gb  <internal module>
__NVIC_SetPriority       0x800'678d   0x2c  Code  Lc  SW_R0001_SysTick_HL.o [1]
__aeabi_memcpy           0x800'5965         Code  Gb  ABImemcpy.o [3]
__aeabi_memcpy4          0x800'5985         Code  Gb  ABImemcpy.o [3]
__aeabi_memcpy8          0x800'5985         Code  Gb  ABImemcpy.o [3]
__aeabi_memset           0x800'5779         Code  Gb  ABImemset.o [3]
__cmain                  0x800'6f15         Code  Gb  cmain.o [3]
__exit                   0x800'6f5d   0x14  Code  Gb  exit.o [4]
__iar_Memset             0x800'5779         Code  Gb  ABImemset.o [3]
__iar_Memset_word        0x800'5781         Code  Gb  ABImemset.o [3]
__iar_copy_init3         0x800'5701   0x2e  Code  Gb  copy_init3.o [3]
__iar_data_init3         0x800'6ec9   0x28  Code  Gb  data_init.o [3]
__iar_program_start      0x800'6f95         Code  Gb  cstartup_M.o [3]
__iar_zero_init3         0x800'46e1   0x3a  Code  Gb  zero_init3.o [3]
__low_level_init         0x800'6f33    0x4  Code  Gb  low_level_init.o [2]
__vector_table           0x800'4000         Data  Gb  startup_stm32f10x_hd.o [1]
_call_main               0x800'6f21         Code  Gb  cmain.o [3]
_exit                    0x800'6f51         Code  Gb  cexit.o [3]
_main                    0x800'6f2f         Code  Gb  cmain.o [3]
a_GetCrc                 0x800'5731   0x48  Code  Gb  SW_Stdlib.o [1]
exit                     0x800'6f4b    0x4  Code  Gb  exit.o [2]
g_nAlarmDelayTime       0x2000'0e40    0x4  Data  Gb  SW_R0001_SysCfg.o [1]
g_nSysDelay             0x2000'0e4c    0x4  Data  Gb  SW_R0001_SysTick_HL.o [1]
g_nSysState             0x2000'0e3c    0x4  Data  Gb  SW_R0001_SysCfg.o [1]
g_nSysTick              0x2000'0e48    0x4  Data  Gb  SW_R0001_SysTick_HL.o [1]
g_sDeviceBootParamenter
                        0x2000'0e18   0x10  Data  Gb  SW_R0001_Device.o [1]
g_sDeviceOp             0x2000'0d34   0x54  Data  Gb  SW_R0001_Device.o [1]
g_sDeviceOpTagInfo      0x2000'0dd0   0x48  Data  Gb  SW_R0001_Device.o [1]
g_sDeviceParamenter     0x2000'0e28    0xc  Data  Gb  SW_R0001_Device.o [1]
g_sFm17xxFrame          0x2000'0d88   0x48  Data  Gb  SW_FM17xx.o [1]
g_sFramBootParamenter   0x2000'0e34    0x8  Data  Gb  SW_R0001_FRam.o [1]
g_sReaderRspFrame       0x2000'0c2c  0x108  Data  Gb  SW_R0001_Device.o [1]
g_sUartRcvFrame         0x2000'0620  0x60c  Data  Gb  SW_R0001_Uart.o [1]
g_sUartRcvTempFrame     0x2000'0014  0x60c  Data  Gb  SW_R0001_Uart.o [1]
main                     0x800'6f37   0x14  Code  Gb  main.o [1]
memcmp                   0x800'5a0d         Code  Gb  memcmp.o [3]
sysTime                 0x2000'0e44    0x4  Data  Gb  SW_R0001_SysCfg.o [1]


[1] = E:\AnyID\Periph\Git\R0001\R0001\Build\Obj
[2] = dl7M_tlf.a
[3] = rt7M_tl.a
[4] = shb_l.a

  10'676 bytes of readonly  code memory
     136 bytes of readonly  data memory (+ 100 absolute)
   4'688 bytes of readwrite data memory

Errors: none
Warnings: none
