###############################################################################
#
# IAR ELF Linker V8.40.1.212/W32 for ARM                  17/Jan/2025  15:29:51
# Copyright 2007-2019 IAR Systems AB.
#
#    Output file  =  E:\AnyID\Git\R0001\R0001\R0001\Build\Exe\R0001.out
#    Map file     =  E:\AnyID\Git\R0001\R0001\R0001\Build\List\R0001.map
#    Command line =
#        -f C:\Users\swnw\AppData\Local\Temp\EW95B.tmp
#        (E:\AnyID\Git\R0001\R0001\R0001\Build\Obj\main.o
#        E:\AnyID\Git\R0001\R0001\R0001\Build\Obj\misc.o
#        E:\AnyID\Git\R0001\R0001\R0001\Build\Obj\startup_stm32f10x_hd.o
#        E:\AnyID\Git\R0001\R0001\R0001\Build\Obj\stm32f10x_adc.o
#        E:\AnyID\Git\R0001\R0001\R0001\Build\Obj\stm32f10x_bkp.o
#        E:\AnyID\Git\R0001\R0001\R0001\Build\Obj\stm32f10x_can.o
#        E:\AnyID\Git\R0001\R0001\R0001\Build\Obj\stm32f10x_cec.o
#        E:\AnyID\Git\R0001\R0001\R0001\Build\Obj\stm32f10x_crc.o
#        E:\AnyID\Git\R0001\R0001\R0001\Build\Obj\stm32f10x_dac.o
#        E:\AnyID\Git\R0001\R0001\R0001\Build\Obj\stm32f10x_dbgmcu.o
#        E:\AnyID\Git\R0001\R0001\R0001\Build\Obj\stm32f10x_dma.o
#        E:\AnyID\Git\R0001\R0001\R0001\Build\Obj\stm32f10x_exti.o
#        E:\AnyID\Git\R0001\R0001\R0001\Build\Obj\stm32f10x_flash.o
#        E:\AnyID\Git\R0001\R0001\R0001\Build\Obj\stm32f10x_fsmc.o
#        E:\AnyID\Git\R0001\R0001\R0001\Build\Obj\stm32f10x_gpio.o
#        E:\AnyID\Git\R0001\R0001\R0001\Build\Obj\stm32f10x_i2c.o
#        E:\AnyID\Git\R0001\R0001\R0001\Build\Obj\stm32f10x_it.o
#        E:\AnyID\Git\R0001\R0001\R0001\Build\Obj\stm32f10x_iwdg.o
#        E:\AnyID\Git\R0001\R0001\R0001\Build\Obj\stm32f10x_pwr.o
#        E:\AnyID\Git\R0001\R0001\R0001\Build\Obj\stm32f10x_rcc.o
#        E:\AnyID\Git\R0001\R0001\R0001\Build\Obj\stm32f10x_rtc.o
#        E:\AnyID\Git\R0001\R0001\R0001\Build\Obj\stm32f10x_sdio.o
#        E:\AnyID\Git\R0001\R0001\R0001\Build\Obj\stm32f10x_spi.o
#        E:\AnyID\Git\R0001\R0001\R0001\Build\Obj\stm32f10x_tim.o
#        E:\AnyID\Git\R0001\R0001\R0001\Build\Obj\stm32f10x_usart.o
#        E:\AnyID\Git\R0001\R0001\R0001\Build\Obj\stm32f10x_wwdg.o
#        E:\AnyID\Git\R0001\R0001\R0001\Build\Obj\SW_Des.o
#        E:\AnyID\Git\R0001\R0001\R0001\Build\Obj\SW_FM17xx.o
#        E:\AnyID\Git\R0001\R0001\R0001\Build\Obj\SW_FM17xx_HL.o
#        E:\AnyID\Git\R0001\R0001\R0001\Build\Obj\SW_FM17xx_ISO14443A.o
#        E:\AnyID\Git\R0001\R0001\R0001\Build\Obj\SW_FRam.o
#        E:\AnyID\Git\R0001\R0001\R0001\Build\Obj\SW_R0001_Device.o
#        E:\AnyID\Git\R0001\R0001\R0001\Build\Obj\SW_R0001_FRam.o
#        E:\AnyID\Git\R0001\R0001\R0001\Build\Obj\SW_R0001_FRam_HL.o
#        E:\AnyID\Git\R0001\R0001\R0001\Build\Obj\SW_R0001_R485.o
#        E:\AnyID\Git\R0001\R0001\R0001\Build\Obj\SW_R0001_R485_HL.o
#        E:\AnyID\Git\R0001\R0001\R0001\Build\Obj\SW_R0001_SysCfg.o
#        E:\AnyID\Git\R0001\R0001\R0001\Build\Obj\SW_R0001_SysTick_HL.o
#        E:\AnyID\Git\R0001\R0001\R0001\Build\Obj\SW_R0001_Uart.o
#        E:\AnyID\Git\R0001\R0001\R0001\Build\Obj\SW_R0001_Uart_HL.o
#        E:\AnyID\Git\R0001\R0001\R0001\Build\Obj\SW_R0001_WDG_HL.o
#        E:\AnyID\Git\R0001\R0001\R0001\Build\Obj\SW_Stdlib.o
#        E:\AnyID\Git\R0001\R0001\R0001\Build\Obj\SW_Uart_Receive.o
#        E:\AnyID\Git\R0001\R0001\R0001\Build\Obj\system_stm32f10x.o --redirect
#        _Printf=_PrintfFull --redirect _Scanf=_ScanfFull --no_out_extension -o
#        E:\AnyID\Git\R0001\R0001\R0001\Build\Exe\R0001.out --map
#        E:\AnyID\Git\R0001\R0001\R0001\Build\List\R0001.map --config
#        E:\AnyID\Git\R0001\R0001\R0001\GD32F103x8.icf --semihosting --entry
#        __iar_program_start --vfe --text_out locale)
#
###############################################################################

*******************************************************************************
*** RUNTIME MODEL ATTRIBUTES
***

CppFlavor       = *
__SystemLibrary = DLib
__dlib_version  = 6


*******************************************************************************
*** HEAP SELECTION
***

The basic heap was selected because no calls to memory allocation
functions were found in the application outside of system library
functions, and there are calls to deallocation functions in the
application.


*******************************************************************************
*** PLACEMENT SUMMARY
***

"A0":  place at address 0x800'4000 { ro section .intvec };
"P1":  place in [from 0x800'4000 to 0x800'ffff] { ro };
define block CSTACK with size = 1K, alignment = 8 { };
define block HEAP with size = 512, alignment = 8 { };
"P2":  place in [from 0x2000'0000 to 0x2000'4fff] {
          rw, block CSTACK, block HEAP };
initialize by copy { rw };

  Section            Kind         Address    Size  Object
  -------            ----         -------    ----  ------
"A0":                                       0x130
  .intvec            ro code   0x800'4000   0x130  startup_stm32f10x_hd.o [1]
                             - 0x800'4130   0x130

"P1", part 1 of 2:                          0x7a0
  .text              ro code   0x800'4130   0x416  SW_FM17xx.o [1]
  .text              ro code   0x800'4546    0x3a  zero_init3.o [3]
  .text              ro code   0x800'4580   0x142  SW_FM17xx_HL.o [1]
  .text              ro code   0x800'46c2    0x2e  copy_init3.o [3]
  .text              ro code   0x800'46f0    0x66  ABImemset.o [3]
  .text              ro code   0x800'4758   0x178  stm32f10x_gpio.o [1]
                             - 0x800'48d0   0x7a0

Absolute sections, part 1 of 2:              0x32
  .rodata            const     0x800'5000    0x32  SW_R0001_Device.o [1]
                             - 0x800'5032    0x32

Absolute sections, part 2 of 2:              0x32
  .rodata            const     0x800'5080    0x32  SW_R0001_Device.o [1]
                             - 0x800'50b2    0x32

"P1", part 2 of 2:                         0x1c14
  .text              ro code   0x800'50b4    0x78  stm32f10x_spi.o [1]
  .text              ro code   0x800'512c   0x348  SW_FM17xx_ISO14443A.o [1]
  .text              ro code   0x800'5474    0xa6  ABImemcpy.o [3]
  .text              ro code   0x800'551c   0x314  stm32f10x_rcc.o [1]
  .text              ro code   0x800'5830   0x314  SW_R0001_Device.o [1]
  .text              ro code   0x800'5b44   0x236  SW_FRam.o [1]
  .text              ro code   0x800'5d7c    0x48  SW_Stdlib.o [1]
  .text              ro code   0x800'5dc4    0x2c  SW_R0001_FRam.o [1]
  .text              ro code   0x800'5df0   0x158  stm32f10x_flash.o [1]
  .text              ro code   0x800'5f48   0x1ec  SW_R0001_FRam_HL.o [1]
  .text              ro code   0x800'6134   0x2c6  stm32f10x_usart.o [1]
  .text              ro code   0x800'63fc   0x278  SW_R0001_SysCfg.o [1]
  .text              ro code   0x800'6674    0xb8  misc.o [1]
  .text              ro code   0x800'672c    0xa4  SW_R0001_SysTick_HL.o [1]
  .text              ro code   0x800'67d0    0xf8  SW_R0001_Uart_HL.o [1]
  .text              ro code   0x800'68c8    0xfc  SW_Uart_Receive.o [1]
  .text              ro code   0x800'69c4    0x9e  stm32f10x_it.o [1]
  .text              ro code   0x800'6a64    0x52  system_stm32f10x.o [1]
  .text              ro code   0x800'6ab8    0x28  data_init.o [3]
  .iar.init_table    const     0x800'6ae0    0x24  - Linker created -
  .text              ro code   0x800'6b04    0x1e  cmain.o [3]
  .text              ro code   0x800'6b22     0x4  low_level_init.o [2]
  .text              ro code   0x800'6b26    0x14  main.o [1]
  .text              ro code   0x800'6b3a     0x4  exit.o [2]
  .text              ro code   0x800'6b40     0xa  cexit.o [3]
  .text              ro code   0x800'6b4c    0x14  exit.o [4]
  Initializer bytes  const     0x800'6b60    0x14  <for P2-1>
  .text              ro code   0x800'6b74    0x10  startup_stm32f10x_hd.o [1]
  .text              ro code   0x800'6b84     0xc  cstartup_M.o [3]
  .rodata            const     0x800'6b90     0x8  SW_FM17xx_HL.o [1]
  .rodata            const     0x800'6b98     0x8  SW_FM17xx_HL.o [1]
  .rodata            const     0x800'6ba0     0x8  SW_FM17xx_HL.o [1]
  .rodata            const     0x800'6ba8     0x8  SW_R0001_FRam_HL.o [1]
  .rodata            const     0x800'6bb0     0x8  SW_R0001_FRam_HL.o [1]
  .rodata            const     0x800'6bb8     0x8  SW_R0001_SysCfg.o [1]
  .rodata            const     0x800'6bc0     0x8  SW_R0001_SysCfg.o [1]
  .rodata            const     0x800'6bc8     0x8  SW_R0001_SysCfg.o [1]
  .rodata            const     0x800'6bd0     0x8  SW_R0001_Uart_HL.o [1]
  .rodata            const     0x800'6bd8     0x8  SW_R0001_Uart_HL.o [1]
  .text              ro code   0x800'6be0     0x4  startup_stm32f10x_hd.o [1]
  .text              ro code   0x800'6be4     0x4  startup_stm32f10x_hd.o [1]
  .text              ro code   0x800'6be8     0x4  startup_stm32f10x_hd.o [1]
  .text              ro code   0x800'6bec     0x4  startup_stm32f10x_hd.o [1]
  .text              ro code   0x800'6bf0     0x4  startup_stm32f10x_hd.o [1]
  .text              ro code   0x800'6bf4     0x4  startup_stm32f10x_hd.o [1]
  .text              ro code   0x800'6bf8     0x4  startup_stm32f10x_hd.o [1]
  .text              ro code   0x800'6bfc     0x4  startup_stm32f10x_hd.o [1]
  .text              ro code   0x800'6c00     0x4  startup_stm32f10x_hd.o [1]
  .text              ro code   0x800'6c04     0x4  startup_stm32f10x_hd.o [1]
  .text              ro code   0x800'6c08     0x4  startup_stm32f10x_hd.o [1]
  .text              ro code   0x800'6c0c     0x4  startup_stm32f10x_hd.o [1]
  .text              ro code   0x800'6c10     0x4  startup_stm32f10x_hd.o [1]
  .text              ro code   0x800'6c14     0x4  startup_stm32f10x_hd.o [1]
  .text              ro code   0x800'6c18     0x4  startup_stm32f10x_hd.o [1]
  .text              ro code   0x800'6c1c     0x4  startup_stm32f10x_hd.o [1]
  .text              ro code   0x800'6c20     0x4  startup_stm32f10x_hd.o [1]
  .text              ro code   0x800'6c24     0x4  startup_stm32f10x_hd.o [1]
  .text              ro code   0x800'6c28     0x4  startup_stm32f10x_hd.o [1]
  .text              ro code   0x800'6c2c     0x4  startup_stm32f10x_hd.o [1]
  .text              ro code   0x800'6c30     0x4  startup_stm32f10x_hd.o [1]
  .text              ro code   0x800'6c34     0x4  startup_stm32f10x_hd.o [1]
  .text              ro code   0x800'6c38     0x4  startup_stm32f10x_hd.o [1]
  .text              ro code   0x800'6c3c     0x4  startup_stm32f10x_hd.o [1]
  .text              ro code   0x800'6c40     0x4  startup_stm32f10x_hd.o [1]
  .text              ro code   0x800'6c44     0x4  startup_stm32f10x_hd.o [1]
  .text              ro code   0x800'6c48     0x4  startup_stm32f10x_hd.o [1]
  .text              ro code   0x800'6c4c     0x4  startup_stm32f10x_hd.o [1]
  .text              ro code   0x800'6c50     0x4  startup_stm32f10x_hd.o [1]
  .text              ro code   0x800'6c54     0x4  startup_stm32f10x_hd.o [1]
  .text              ro code   0x800'6c58     0x4  startup_stm32f10x_hd.o [1]
  .text              ro code   0x800'6c5c     0x4  startup_stm32f10x_hd.o [1]
  .text              ro code   0x800'6c60     0x4  startup_stm32f10x_hd.o [1]
  .text              ro code   0x800'6c64     0x4  startup_stm32f10x_hd.o [1]
  .text              ro code   0x800'6c68     0x4  startup_stm32f10x_hd.o [1]
  .text              ro code   0x800'6c6c     0x4  startup_stm32f10x_hd.o [1]
  .text              ro code   0x800'6c70     0x4  startup_stm32f10x_hd.o [1]
  .text              ro code   0x800'6c74     0x4  startup_stm32f10x_hd.o [1]
  .text              ro code   0x800'6c78     0x4  startup_stm32f10x_hd.o [1]
  .text              ro code   0x800'6c7c     0x4  startup_stm32f10x_hd.o [1]
  .text              ro code   0x800'6c80     0x4  startup_stm32f10x_hd.o [1]
  .text              ro code   0x800'6c84     0x4  startup_stm32f10x_hd.o [1]
  .text              ro code   0x800'6c88     0x4  startup_stm32f10x_hd.o [1]
  .text              ro code   0x800'6c8c     0x4  startup_stm32f10x_hd.o [1]
  .text              ro code   0x800'6c90     0x4  startup_stm32f10x_hd.o [1]
  .text              ro code   0x800'6c94     0x4  startup_stm32f10x_hd.o [1]
  .text              ro code   0x800'6c98     0x4  startup_stm32f10x_hd.o [1]
  .text              ro code   0x800'6c9c     0x4  startup_stm32f10x_hd.o [1]
  .text              ro code   0x800'6ca0     0x4  startup_stm32f10x_hd.o [1]
  .text              ro code   0x800'6ca4     0x4  startup_stm32f10x_hd.o [1]
  .text              ro code   0x800'6ca8     0x4  startup_stm32f10x_hd.o [1]
  .text              ro code   0x800'6cac     0x4  startup_stm32f10x_hd.o [1]
  .text              ro code   0x800'6cb0     0x4  startup_stm32f10x_hd.o [1]
  .text              ro code   0x800'6cb4     0x4  startup_stm32f10x_hd.o [1]
  .text              ro code   0x800'6cb8     0x4  startup_stm32f10x_hd.o [1]
  .text              ro code   0x800'6cbc     0x4  startup_stm32f10x_hd.o [1]
  .text              ro code   0x800'6cc0     0x4  startup_stm32f10x_hd.o [1]
  .text              ro code   0x800'6cc4     0x4  startup_stm32f10x_hd.o [1]
  .rodata            const     0x800'6cc8     0x0  zero_init3.o [3]
  .rodata            const     0x800'6cc8     0x0  copy_init3.o [3]
                             - 0x800'6cc8  0x1c14

"P2", part 1 of 3:                           0x14
  P2-1                        0x2000'0000    0x14  <Init block>
    .data            inited   0x2000'0000    0x10  stm32f10x_rcc.o [1]
    .data            inited   0x2000'0010     0x4  stm32f10x_rcc.o [1]
                            - 0x2000'0014    0x14

"P2", part 2 of 3:                          0x6a0
  .bss               zero     0x2000'0014   0x60c  SW_R0001_Uart.o [1]
  .bss               zero     0x2000'0620    0x48  SW_FM17xx.o [1]
  .bss               zero     0x2000'0668    0x10  SW_R0001_Device.o [1]
  .bss               zero     0x2000'0678    0x10  SW_R0001_Device.o [1]
  .bss               zero     0x2000'0688     0xc  SW_R0001_Device.o [1]
  .bss               zero     0x2000'0694     0x8  SW_R0001_FRam.o [1]
  .bss               zero     0x2000'069c     0x4  SW_R0001_SysCfg.o [1]
  .bss               zero     0x2000'06a0     0x4  SW_R0001_SysCfg.o [1]
  .bss               zero     0x2000'06a4     0x4  SW_R0001_SysCfg.o [1]
  .bss               zero     0x2000'06a8     0x4  SW_R0001_SysTick_HL.o [1]
  .bss               zero     0x2000'06ac     0x4  SW_R0001_SysTick_HL.o [1]
  .bss               zero     0x2000'06b0     0x2  SW_Uart_Receive.o [1]
                            - 0x2000'06b2   0x69e

"P2", part 3 of 3:                          0x400
  CSTACK                      0x2000'06b8   0x400  <Block>
    CSTACK           uninit   0x2000'06b8   0x400  <Block tail>
                            - 0x2000'0ab8   0x400

Unused ranges:

         From           To    Size
         ----           --    ----
   0x800'48d0   0x800'4fff   0x730
   0x800'5032   0x800'507f    0x4e
   0x800'50b2   0x800'50b3     0x2
   0x800'6cc8   0x800'ffff  0x9338
  0x2000'06b4  0x2000'06b7     0x4
  0x2000'0ab8  0x2000'4fff  0x4548


*******************************************************************************
*** INIT TABLE
***

          Address      Size
          -------      ----
Zero (__iar_zero_init3)
    1 destination range, total size 0x69e:
          0x2000'0014  0x69e

Copy (__iar_copy_init3)
    1 source range, total size 0x14:
           0x800'6b60   0x14
    1 destination range, total size 0x14:
          0x2000'0000   0x14



*******************************************************************************
*** MODULE SUMMARY
***

    Module                  ro code  ro data  rw data  ro data
                                                        (abs)
    ------                  -------  -------  -------  -------
command line/config:
    ----------------------------------------------------------
    Total:

E:\AnyID\Git\R0001\R0001\R0001\Build\Obj: [1]
    SW_FM17xx.o               1'046                72
    SW_FM17xx_HL.o              322       24
    SW_FM17xx_ISO14443A.o       840
    SW_FRam.o                   566
    SW_R0001_Device.o           788                44      100
    SW_R0001_FRam.o              44                 8
    SW_R0001_FRam_HL.o          492       16
    SW_R0001_SysCfg.o           632       24       12
    SW_R0001_SysTick_HL.o       164                 8
    SW_R0001_Uart.o                             1'548
    SW_R0001_Uart_HL.o          248       16
    SW_Stdlib.o                  72
    SW_Uart_Receive.o           252                 2
    main.o                       20
    misc.o                      184
    startup_stm32f10x_hd.o      552
    stm32f10x_flash.o           344
    stm32f10x_gpio.o            376
    stm32f10x_it.o              158
    stm32f10x_rcc.o             788       20       20
    stm32f10x_spi.o             120
    stm32f10x_usart.o           710
    system_stm32f10x.o           82
    ----------------------------------------------------------
    Total:                    8'800      100    1'714      100

dl7M_tlf.a: [2]
    exit.o                        4
    low_level_init.o              4
    ----------------------------------------------------------
    Total:                        8

rt7M_tl.a: [3]
    ABImemcpy.o                 166
    ABImemset.o                 102
    cexit.o                      10
    cmain.o                      30
    copy_init3.o                 46
    cstartup_M.o                 12
    data_init.o                  40
    zero_init3.o                 58
    ----------------------------------------------------------
    Total:                      464

shb_l.a: [4]
    exit.o                       20
    ----------------------------------------------------------
    Total:                       20

    Gaps                         16
    Linker created                        36    1'024
--------------------------------------------------------------
    Grand Total:              9'308      136    2'738      100


*******************************************************************************
*** ENTRY LIST
***

Entry                       Address   Size  Type      Object
-----                       -------   ----  ----      ------
.iar.init_table$$Base    0x800'6ae0          --   Gb  - Linker created -
.iar.init_table$$Limit   0x800'6b04          --   Gb  - Linker created -
?main                    0x800'6b05         Code  Gb  cmain.o [3]
ADCPrescTable           0x2000'0010    0x4  Data  Lc  stm32f10x_rcc.o [1]
APBAHBPrescTable        0x2000'0000   0x10  Data  Lc  stm32f10x_rcc.o [1]
BusFault_Handler         0x800'69cb    0x2  Code  Gb  stm32f10x_it.o [1]
CSTACK$$Base            0x2000'06b8          --   Gb  - Linker created -
CSTACK$$Limit           0x2000'0ab8          --   Gb  - Linker created -
DEVICE_HARD_TYPE         0x800'5080   0x32  Data  Gb  SW_R0001_Device.o [1]
DEVICE_VERSION           0x800'5000   0x32  Data  Gb  SW_R0001_Device.o [1]
DebugMon_Handler         0x800'69d1    0x2  Code  Gb  stm32f10x_it.o [1]
Device_ReadBootParamenter
                         0x800'5a19   0x88  Code  Gb  SW_R0001_Device.o [1]
Device_WriteBootParamenter
                         0x800'5aa1   0x82  Code  Gb  SW_R0001_Device.o [1]
FLASH_ErasePage          0x800'5e37   0x54  Code  Gb  stm32f10x_flash.o [1]
FLASH_GetBank1Status     0x800'5ed5   0x28  Code  Gb  stm32f10x_flash.o [1]
FLASH_Lock               0x800'5e29    0xe  Code  Gb  stm32f10x_flash.o [1]
FLASH_PrefetchBufferCmd
                         0x800'5e03   0x14  Code  Gb  stm32f10x_flash.o [1]
FLASH_ProgramHalfWord    0x800'5e8b   0x4a  Code  Gb  stm32f10x_flash.o [1]
FLASH_SetLatency         0x800'5df1   0x12  Code  Gb  stm32f10x_flash.o [1]
FLASH_Unlock             0x800'5e17   0x12  Code  Gb  stm32f10x_flash.o [1]
FLASH_WaitForLastOperation
                         0x800'5f19   0x30  Code  Gb  stm32f10x_flash.o [1]
FM17XX_CS_COM            0x800'6b98    0x8  Data  Gb  SW_FM17xx_HL.o [1]
FM17XX_PORT_SPI          0x800'6ba0    0x8  Data  Gb  SW_FM17xx_HL.o [1]
FM17XX_RST_COM           0x800'6b90    0x8  Data  Gb  SW_FM17xx_HL.o [1]
FM17xx_ClearRegBit       0x800'41bf   0x22  Code  Gb  SW_FM17xx.o [1]
FM17xx_Command           0x800'42df  0x1fa  Code  Gb  SW_FM17xx.o [1]
FM17xx_Config            0x800'44e5   0x62  Code  Gb  SW_FM17xx.o [1]
FM17xx_Delay16us         0x800'46a9   0x1a  Code  Gb  SW_FM17xx_HL.o [1]
FM17xx_InitInterface     0x800'4581   0xce  Code  Gb  SW_FM17xx_HL.o [1]
FM17xx_ReadFIFO          0x800'41e1   0x5e  Code  Gb  SW_FM17xx.o [1]
FM17xx_ReadReg           0x800'4167   0x36  Code  Gb  SW_FM17xx.o [1]
FM17xx_Reset             0x800'428d   0x52  Code  Gb  SW_FM17xx.o [1]
FM17xx_SetRegBit         0x800'419d   0x22  Code  Gb  SW_FM17xx.o [1]
FM17xx_WriteByte         0x800'464f   0x4a  Code  Gb  SW_FM17xx_HL.o [1]
FM17xx_WriteFIFO         0x800'423f   0x4e  Code  Gb  SW_FM17xx.o [1]
FM17xx_WriteReg          0x800'4131   0x36  Code  Gb  SW_FM17xx.o [1]
FRAM_SCL_PORT            0x800'6bb0    0x8  Data  Gb  SW_R0001_FRam_HL.o [1]
FRAM_SDA_PORT            0x800'6ba8    0x8  Data  Gb  SW_R0001_FRam_HL.o [1]
FRam_Delayms             0x800'5f57   0x12  Code  Gb  SW_R0001_FRam_HL.o [1]
FRam_I2CAck              0x800'5ff1   0x30  Code  Gb  SW_R0001_FRam_HL.o [1]
FRam_I2CDelay            0x800'5f49    0xe  Code  Gb  SW_R0001_FRam_HL.o [1]
FRam_I2CNoAck            0x800'6021   0x30  Code  Gb  SW_R0001_FRam_HL.o [1]
FRam_I2CReceiveByte      0x800'60dd   0x4e  Code  Gb  SW_R0001_FRam_HL.o [1]
FRam_I2CSendByte         0x800'6093   0x4a  Code  Gb  SW_R0001_FRam_HL.o [1]
FRam_I2CStart            0x800'5f69   0x58  Code  Gb  SW_R0001_FRam_HL.o [1]
FRam_I2CStop             0x800'5fc1   0x30  Code  Gb  SW_R0001_FRam_HL.o [1]
FRam_I2CWaitAck          0x800'6051   0x42  Code  Gb  SW_R0001_FRam_HL.o [1]
FRam_ReadBuffer          0x800'5b45   0xe2  Code  Gb  SW_FRam.o [1]
FRam_WriteBuffer         0x800'5cd3   0xa8  Code  Gb  SW_FRam.o [1]
FRam_WritePage           0x800'5c27   0xac  Code  Gb  SW_FRam.o [1]
Fram_WriteBootParamenter
                         0x800'5dc5   0x24  Code  Gb  SW_R0001_FRam.o [1]
GPIO_Init                0x800'4759   0xea  Code  Gb  stm32f10x_gpio.o [1]
GPIO_PinRemapConfig      0x800'4843   0x84  Code  Gb  stm32f10x_gpio.o [1]
HardFault_Handler        0x800'69c7    0x2  Code  Gb  stm32f10x_it.o [1]
ISO14443A_AnticollisionTag
                         0x800'51e1   0x84  Code  Gb  SW_FM17xx_ISO14443A.o [1]
ISO14443A_CheckBcc       0x800'516b   0x26  Code  Gb  SW_FM17xx_ISO14443A.o [1]
ISO14443A_GetUid         0x800'52eb  0x13c  Code  Gb  SW_FM17xx_ISO14443A.o [1]
ISO14443A_Halt           0x800'5427   0x4a  Code  Gb  SW_FM17xx_ISO14443A.o [1]
ISO14443A_Init           0x800'512d   0x3e  Code  Gb  SW_FM17xx_ISO14443A.o [1]
ISO14443A_RequestTag     0x800'5191   0x50  Code  Gb  SW_FM17xx_ISO14443A.o [1]
ISO14443A_SelectTag      0x800'5265   0x86  Code  Gb  SW_FM17xx_ISO14443A.o [1]
MemManage_Handler        0x800'69c9    0x2  Code  Gb  stm32f10x_it.o [1]
NMI_Handler              0x800'69c5    0x2  Code  Gb  stm32f10x_it.o [1]
NVIC_Init                0x800'667f   0x66  Code  Gb  misc.o [1]
NVIC_PriorityGroupConfig
                         0x800'6675    0xa  Code  Gb  misc.o [1]
NVIC_SetVectorTable      0x800'66e5    0xc  Code  Gb  misc.o [1]
PendSV_Handler           0x800'69d3    0x2  Code  Gb  stm32f10x_it.o [1]
RCC_ADCCLKConfig         0x800'5647   0x10  Code  Gb  stm32f10x_rcc.o [1]
RCC_APB1PeriphClockCmd   0x800'574b   0x1c  Code  Gb  stm32f10x_rcc.o [1]
RCC_APB1PeriphResetCmd   0x800'5783   0x1c  Code  Gb  stm32f10x_rcc.o [1]
RCC_APB2PeriphClockCmd   0x800'572f   0x1c  Code  Gb  stm32f10x_rcc.o [1]
RCC_APB2PeriphResetCmd   0x800'5767   0x1c  Code  Gb  stm32f10x_rcc.o [1]
RCC_DeInit               0x800'551d   0x40  Code  Gb  stm32f10x_rcc.o [1]
RCC_GetClocksFreq        0x800'5657   0xd8  Code  Gb  stm32f10x_rcc.o [1]
RCC_GetFlagStatus        0x800'579f   0x46  Code  Gb  stm32f10x_rcc.o [1]
RCC_GetSYSCLKSource      0x800'5605    0xa  Code  Gb  stm32f10x_rcc.o [1]
RCC_HCLKConfig           0x800'560f   0x10  Code  Gb  stm32f10x_rcc.o [1]
RCC_HSEConfig            0x800'555d   0x3a  Code  Gb  stm32f10x_rcc.o [1]
RCC_PCLK1Config          0x800'561f   0x10  Code  Gb  stm32f10x_rcc.o [1]
RCC_PCLK2Config          0x800'562f   0x12  Code  Gb  stm32f10x_rcc.o [1]
RCC_PLLCmd               0x800'55eb    0xa  Code  Gb  stm32f10x_rcc.o [1]
RCC_PLLConfig            0x800'55d3   0x18  Code  Gb  stm32f10x_rcc.o [1]
RCC_SYSCLKConfig         0x800'55f5   0x10  Code  Gb  stm32f10x_rcc.o [1]
RCC_USBCLKConfig         0x800'5641    0x6  Code  Gb  stm32f10x_rcc.o [1]
RCC_WaitForHSEStartUp    0x800'5597   0x3c  Code  Gb  stm32f10x_rcc.o [1]
Reader_AutoUid           0x800'59d7   0x42  Code  Gb  SW_R0001_Device.o [1]
Reader_Delayms           0x800'5831   0x12  Code  Gb  SW_R0001_Device.o [1]
Reader_GetUartBaudrate   0x800'58a7   0x2a  Code  Gb  SW_R0001_Device.o [1]
Reader_Init              0x800'5843   0x64  Code  Gb  SW_R0001_Device.o [1]
Reader_ReadDeviceConfig
                         0x800'58d1   0xe2  Code  Gb  SW_R0001_Device.o [1]
Reader_WriteDeviceConfig
                         0x800'59b3   0x24  Code  Gb  SW_R0001_Device.o [1]
Region$$Table$$Base      0x800'6ae0          --   Gb  - Linker created -
Region$$Table$$Limit     0x800'6b04          --   Gb  - Linker created -
SPI_Cmd                  0x800'50f3   0x1e  Code  Gb  stm32f10x_spi.o [1]
SPI_I2S_GetFlagStatus    0x800'5119   0x14  Code  Gb  stm32f10x_spi.o [1]
SPI_I2S_ReceiveData      0x800'5115    0x4  Code  Gb  stm32f10x_spi.o [1]
SPI_I2S_SendData         0x800'5111    0x4  Code  Gb  stm32f10x_spi.o [1]
SPI_Init                 0x800'50b5   0x3e  Code  Gb  stm32f10x_spi.o [1]
STick_InitSysTick        0x800'6789   0x26  Code  Gb  SW_R0001_SysTick_HL.o [1]
SVC_Handler              0x800'69cf    0x2  Code  Gb  stm32f10x_it.o [1]
SYS_ALARMBUZZER_COM      0x800'6bc0    0x8  Data  Gb  SW_R0001_SysCfg.o [1]
SYS_ALARMLED_COM         0x800'6bc8    0x8  Data  Gb  SW_R0001_SysCfg.o [1]
SYS_RUNLED_COM           0x800'6bb8    0x8  Data  Gb  SW_R0001_SysCfg.o [1]
SetSysClock              0x800'6ab5    0x2  Code  Lc  system_stm32f10x.o [1]
SysTick_CLKSourceConfig
                         0x800'66f1   0x1c  Code  Gb  misc.o [1]
SysTick_Config           0x800'6759   0x30  Code  Lc  SW_R0001_SysTick_HL.o [1]
SysTick_Handler          0x800'69d5   0x42  Code  Gb  stm32f10x_it.o [1]
Sys_CfgClock             0x800'63fd   0x76  Code  Gb  SW_R0001_SysCfg.o [1]
Sys_CfgNVIC              0x800'6491   0x18  Code  Gb  SW_R0001_SysCfg.o [1]
Sys_CfgPeriphClk         0x800'6473   0x1e  Code  Gb  SW_R0001_SysCfg.o [1]
Sys_CtrlIOInit           0x800'64a9   0x54  Code  Gb  SW_R0001_SysCfg.o [1]
Sys_Init                 0x800'64fd   0x5a  Code  Gb  SW_R0001_SysCfg.o [1]
Sys_LedTask              0x800'6557   0x98  Code  Gb  SW_R0001_SysCfg.o [1]
Sys_ReaderTask           0x800'6625   0x24  Code  Gb  SW_R0001_SysCfg.o [1]
Sys_UartTask             0x800'65ef   0x36  Code  Gb  SW_R0001_SysCfg.o [1]
SystemInit               0x800'6a65   0x3c  Code  Gb  system_stm32f10x.o [1]
UART_PORT_RX             0x800'6bd8    0x8  Data  Gb  SW_R0001_Uart_HL.o [1]
UART_PORT_TX             0x800'6bd0    0x8  Data  Gb  SW_R0001_Uart_HL.o [1]
USART1_IRQHandler        0x800'6a17   0x36  Code  Gb  stm32f10x_it.o [1]
USART_ClearFlag          0x800'635b   0x10  Code  Gb  stm32f10x_usart.o [1]
USART_ClearITPendingBit
                         0x800'63d5   0x26  Code  Gb  stm32f10x_usart.o [1]
USART_Cmd                0x800'62b1   0x1e  Code  Gb  stm32f10x_usart.o [1]
USART_DeInit             0x800'6135   0x90  Code  Gb  stm32f10x_usart.o [1]
USART_GetFlagStatus      0x800'633f   0x1c  Code  Gb  stm32f10x_usart.o [1]
USART_GetITStatus        0x800'636b   0x6a  Code  Gb  stm32f10x_usart.o [1]
USART_ITConfig           0x800'62cf   0x70  Code  Gb  stm32f10x_usart.o [1]
USART_Init               0x800'61c5   0xd6  Code  Gb  stm32f10x_usart.o [1]
USB_LP_CAN1_RX0_IRQHandler
                         0x800'6a61    0x2  Code  Gb  stm32f10x_it.o [1]
Uart_ConfigInt           0x800'685d   0x2e  Code  Gb  SW_R0001_Uart_HL.o [1]
Uart_EnableInt           0x800'688b   0x30  Code  Gb  SW_R0001_Uart_HL.o [1]
Uart_InitInterface       0x800'67d1   0x8c  Code  Gb  SW_R0001_Uart_HL.o [1]
Uart_ReceiveFrame        0x800'68c9   0xf6  Code  Gb  SW_Uart_Receive.o [1]
Uart_ReceiveFrame::specialLen
                        0x2000'06b0    0x2  Data  Lc  SW_Uart_Receive.o [1]
UsageFault_Handler       0x800'69cd    0x2  Code  Gb  stm32f10x_it.o [1]
__ICFEDIT_region_RAM_end__ {Abs}
                        0x2000'4fff         Data  Gb  <internal module>
__ICFEDIT_region_RAM_start__ {Abs}
                        0x2000'0000         Data  Gb  <internal module>
__NVIC_SetPriority       0x800'672d   0x2c  Code  Lc  SW_R0001_SysTick_HL.o [1]
__aeabi_memcpy           0x800'5475         Code  Gb  ABImemcpy.o [3]
__aeabi_memcpy4          0x800'5495         Code  Gb  ABImemcpy.o [3]
__aeabi_memcpy8          0x800'5495         Code  Gb  ABImemcpy.o [3]
__aeabi_memset           0x800'46f1         Code  Gb  ABImemset.o [3]
__cmain                  0x800'6b05         Code  Gb  cmain.o [3]
__exit                   0x800'6b4d   0x14  Code  Gb  exit.o [4]
__iar_Memset             0x800'46f1         Code  Gb  ABImemset.o [3]
__iar_Memset_word        0x800'46f9         Code  Gb  ABImemset.o [3]
__iar_copy_init3         0x800'46c3   0x2e  Code  Gb  copy_init3.o [3]
__iar_data_init3         0x800'6ab9   0x28  Code  Gb  data_init.o [3]
__iar_program_start      0x800'6b85         Code  Gb  cstartup_M.o [3]
__iar_zero_init3         0x800'4547   0x3a  Code  Gb  zero_init3.o [3]
__low_level_init         0x800'6b23    0x4  Code  Gb  low_level_init.o [2]
__vector_table           0x800'4000         Data  Gb  startup_stm32f10x_hd.o [1]
_call_main               0x800'6b11         Code  Gb  cmain.o [3]
_exit                    0x800'6b41         Code  Gb  cexit.o [3]
_main                    0x800'6b1f         Code  Gb  cmain.o [3]
a_GetCrc                 0x800'5d7d   0x48  Code  Gb  SW_Stdlib.o [1]
exit                     0x800'6b3b    0x4  Code  Gb  exit.o [2]
g_nAlarmDelayTime       0x2000'06a0    0x4  Data  Gb  SW_R0001_SysCfg.o [1]
g_nSysDelay             0x2000'06ac    0x4  Data  Gb  SW_R0001_SysTick_HL.o [1]
g_nSysState             0x2000'069c    0x4  Data  Gb  SW_R0001_SysCfg.o [1]
g_nSysTick              0x2000'06a8    0x4  Data  Gb  SW_R0001_SysTick_HL.o [1]
g_sDeviceBootParamenter
                        0x2000'0678   0x10  Data  Gb  SW_R0001_Device.o [1]
g_sDeviceParamenter     0x2000'0688    0xc  Data  Gb  SW_R0001_Device.o [1]
g_sFm17xxFrame          0x2000'0620   0x48  Data  Gb  SW_FM17xx.o [1]
g_sFramBootParamenter   0x2000'0694    0x8  Data  Gb  SW_R0001_FRam.o [1]
g_sReaderISO14443AUid   0x2000'0668   0x10  Data  Gb  SW_R0001_Device.o [1]
g_sUartRcvFrame         0x2000'0014  0x60c  Data  Gb  SW_R0001_Uart.o [1]
main                     0x800'6b27   0x14  Code  Gb  main.o [1]
sysTime                 0x2000'06a4    0x4  Data  Gb  SW_R0001_SysCfg.o [1]


[1] = E:\AnyID\Git\R0001\R0001\R0001\Build\Obj
[2] = dl7M_tlf.a
[3] = rt7M_tl.a
[4] = shb_l.a

  9'308 bytes of readonly  code memory
    136 bytes of readonly  data memory (+ 100 absolute)
  2'738 bytes of readwrite data memory

Errors: none
Warnings: none
