###############################################################################
#
# IAR ELF Linker V8.40.1.212/W32 for ARM                  17/Jan/2025  19:35:17
# Copyright 2007-2019 IAR Systems AB.
#
#    Output file  =
#        E:\AnyID\Periph\Git\R0001\Bootloader\R0001\Build\Exe\Boot.out
#    Map file     =
#        E:\AnyID\Periph\Git\R0001\Bootloader\R0001\Build\List\Boot.map
#    Command line =
#        -f C:\Users\swnw\AppData\Local\Temp\EW5396.tmp
#        (E:\AnyID\Periph\Git\R0001\Bootloader\R0001\Build\Obj\main.o
#        E:\AnyID\Periph\Git\R0001\Bootloader\R0001\Build\Obj\misc.o
#        E:\AnyID\Periph\Git\R0001\Bootloader\R0001\Build\Obj\startup_stm32f10x_hd.o
#        E:\AnyID\Periph\Git\R0001\Bootloader\R0001\Build\Obj\stm32f10x_adc.o
#        E:\AnyID\Periph\Git\R0001\Bootloader\R0001\Build\Obj\stm32f10x_bkp.o
#        E:\AnyID\Periph\Git\R0001\Bootloader\R0001\Build\Obj\stm32f10x_can.o
#        E:\AnyID\Periph\Git\R0001\Bootloader\R0001\Build\Obj\stm32f10x_cec.o
#        E:\AnyID\Periph\Git\R0001\Bootloader\R0001\Build\Obj\stm32f10x_crc.o
#        E:\AnyID\Periph\Git\R0001\Bootloader\R0001\Build\Obj\stm32f10x_dac.o
#        E:\AnyID\Periph\Git\R0001\Bootloader\R0001\Build\Obj\stm32f10x_dbgmcu.o
#        E:\AnyID\Periph\Git\R0001\Bootloader\R0001\Build\Obj\stm32f10x_dma.o
#        E:\AnyID\Periph\Git\R0001\Bootloader\R0001\Build\Obj\stm32f10x_exti.o
#        E:\AnyID\Periph\Git\R0001\Bootloader\R0001\Build\Obj\stm32f10x_flash.o
#        E:\AnyID\Periph\Git\R0001\Bootloader\R0001\Build\Obj\stm32f10x_fsmc.o
#        E:\AnyID\Periph\Git\R0001\Bootloader\R0001\Build\Obj\stm32f10x_gpio.o
#        E:\AnyID\Periph\Git\R0001\Bootloader\R0001\Build\Obj\stm32f10x_i2c.o
#        E:\AnyID\Periph\Git\R0001\Bootloader\R0001\Build\Obj\stm32f10x_it.o
#        E:\AnyID\Periph\Git\R0001\Bootloader\R0001\Build\Obj\stm32f10x_iwdg.o
#        E:\AnyID\Periph\Git\R0001\Bootloader\R0001\Build\Obj\stm32f10x_pwr.o
#        E:\AnyID\Periph\Git\R0001\Bootloader\R0001\Build\Obj\stm32f10x_rcc.o
#        E:\AnyID\Periph\Git\R0001\Bootloader\R0001\Build\Obj\stm32f10x_rtc.o
#        E:\AnyID\Periph\Git\R0001\Bootloader\R0001\Build\Obj\stm32f10x_sdio.o
#        E:\AnyID\Periph\Git\R0001\Bootloader\R0001\Build\Obj\stm32f10x_spi.o
#        E:\AnyID\Periph\Git\R0001\Bootloader\R0001\Build\Obj\stm32f10x_tim.o
#        E:\AnyID\Periph\Git\R0001\Bootloader\R0001\Build\Obj\stm32f10x_usart.o
#        E:\AnyID\Periph\Git\R0001\Bootloader\R0001\Build\Obj\stm32f10x_wwdg.o
#        E:\AnyID\Periph\Git\R0001\Bootloader\R0001\Build\Obj\SW_Boot_FRam.o
#        E:\AnyID\Periph\Git\R0001\Bootloader\R0001\Build\Obj\SW_Boot_FRam_HL.o
#        E:\AnyID\Periph\Git\R0001\Bootloader\R0001\Build\Obj\SW_Boot_R485.o
#        E:\AnyID\Periph\Git\R0001\Bootloader\R0001\Build\Obj\SW_Boot_R485_HL.o
#        E:\AnyID\Periph\Git\R0001\Bootloader\R0001\Build\Obj\SW_Boot_Reader.o
#        E:\AnyID\Periph\Git\R0001\Bootloader\R0001\Build\Obj\SW_Boot_SysCfg.o
#        E:\AnyID\Periph\Git\R0001\Bootloader\R0001\Build\Obj\SW_Boot_SysTick_HL.o
#        E:\AnyID\Periph\Git\R0001\Bootloader\R0001\Build\Obj\SW_Boot_Uart.o
#        E:\AnyID\Periph\Git\R0001\Bootloader\R0001\Build\Obj\SW_Boot_Uart_HL.o
#        E:\AnyID\Periph\Git\R0001\Bootloader\R0001\Build\Obj\SW_Des.o
#        E:\AnyID\Periph\Git\R0001\Bootloader\R0001\Build\Obj\SW_FRam.o
#        E:\AnyID\Periph\Git\R0001\Bootloader\R0001\Build\Obj\SW_Stdlib.o
#        E:\AnyID\Periph\Git\R0001\Bootloader\R0001\Build\Obj\SW_Uart_Receive.o
#        E:\AnyID\Periph\Git\R0001\Bootloader\R0001\Build\Obj\system_stm32f10x.o
#        --redirect _Printf=_PrintfFull --redirect _Scanf=_ScanfFull
#        --no_out_extension -o
#        E:\AnyID\Periph\Git\R0001\Bootloader\R0001\Build\Exe\Boot.out --map
#        E:\AnyID\Periph\Git\R0001\Bootloader\R0001\Build\List\Boot.map
#        --config E:\AnyID\Periph\Git\R0001\Bootloader\R0001\GD32F103x8.icf
#        --semihosting --entry __iar_program_start --vfe --text_out locale)
#
###############################################################################

*******************************************************************************
*** RUNTIME MODEL ATTRIBUTES
***

CppFlavor       = *
__SystemLibrary = DLib
__dlib_version  = 6


*******************************************************************************
*** HEAP SELECTION
***

The basic heap was selected because no calls to memory allocation
functions were found in the application outside of system library
functions, and there are calls to deallocation functions in the
application.


*******************************************************************************
*** PLACEMENT SUMMARY
***

"A0":  place at address 0x800'0000 { ro section .intvec };
"P1":  place in [from 0x800'0000 to 0x800'ffff] { ro };
define block CSTACK with size = 1K, alignment = 8 { };
define block HEAP with size = 512, alignment = 8 { };
"P2":  place in [from 0x2000'0000 to 0x2000'4fff] {
          rw, block CSTACK, block HEAP };
initialize by copy { rw };

  Section            Kind         Address    Size  Object
  -------            ----         -------    ----  ------
"A0":                                       0x130
  .intvec            ro code   0x800'0000   0x130  startup_stm32f10x_hd.o [1]
                             - 0x800'0130   0x130

"P1":                                      0x2290
  .text              ro code   0x800'0130   0x7e8  SW_Boot_SysCfg.o [1]
  .text              ro code   0x800'0918   0x30c  stm32f10x_rcc.o [1]
  .text              ro code   0x800'0c24   0x1dc  stm32f10x_flash.o [1]
  .text              ro code   0x800'0e00    0xb8  misc.o [1]
  .text              ro code   0x800'0eb8    0x66  ABImemset.o [3]
  .text              ro code   0x800'0f1e    0x3a  zero_init3.o [3]
  .text              ro code   0x800'0f58   0x178  stm32f10x_gpio.o [1]
  .text              ro code   0x800'10d0    0x48  SW_Boot_FRam.o [1]
  .text              ro code   0x800'1118   0x110  SW_Boot_Uart_HL.o [1]
  .text              ro code   0x800'1228    0xa4  SW_Boot_SysTick_HL.o [1]
  .text              ro code   0x800'12cc   0x2c6  stm32f10x_usart.o [1]
  .text              ro code   0x800'1592   0x11a  SW_Uart_Receive.o [1]
  .text              ro code   0x800'16ac    0x68  memcmp.o [3]
  .text              ro code   0x800'1714    0xa6  ABImemcpy.o [3]
  .text              ro code   0x800'17ba    0x2e  copy_init3.o [3]
  .text              ro code   0x800'17e8    0x48  SW_Stdlib.o [1]
  .text              ro code   0x800'1830   0x534  SW_Boot_Uart.o [1]
  .text              ro code   0x800'1d64    0x74  SW_Boot_R485_HL.o [1]
  .text              ro code   0x800'1dd8   0x154  SW_FRam.o [1]
  .text              ro code   0x800'1f2c   0x13c  SW_Boot_FRam_HL.o [1]
  .text              ro code   0x800'2068    0xba  stm32f10x_it.o [1]
  .text              ro code   0x800'2124    0x52  system_stm32f10x.o [1]
  .rodata            const     0x800'2178    0x34  SW_Boot_SysCfg.o [1]
  .text              ro code   0x800'21ac    0x28  data_init.o [3]
  .iar.init_table    const     0x800'21d4    0x24  - Linker created -
  .text              ro code   0x800'21f8    0x1e  cmain.o [3]
  .text              ro code   0x800'2216     0x4  low_level_init.o [2]
  .text              ro code   0x800'221a    0x14  main.o [1]
  .text              ro code   0x800'222e     0x4  exit.o [2]
  .text              ro code   0x800'2234     0xa  cexit.o [3]
  .text              ro code   0x800'2240    0x14  exit.o [4]
  .rodata            const     0x800'2254    0x14  SW_Boot_SysCfg.o [1]
  Initializer bytes  const     0x800'2268    0x14  <for P2-1>
  .text              ro code   0x800'227c    0x10  startup_stm32f10x_hd.o [1]
  .text              ro code   0x800'228c     0xc  cstartup_M.o [3]
  .rodata            const     0x800'2298     0x8  SW_Boot_FRam_HL.o [1]
  .rodata            const     0x800'22a0     0x8  SW_Boot_FRam_HL.o [1]
  .rodata            const     0x800'22a8     0x8  SW_Boot_R485_HL.o [1]
  .rodata            const     0x800'22b0     0x8  SW_Boot_SysCfg.o [1]
  .rodata            const     0x800'22b8     0x8  SW_Boot_SysCfg.o [1]
  .rodata            const     0x800'22c0     0x8  SW_Boot_SysCfg.o [1]
  .rodata            const     0x800'22c8     0x8  SW_Boot_Uart_HL.o [1]
  .rodata            const     0x800'22d0     0x8  SW_Boot_Uart_HL.o [1]
  .text              ro code   0x800'22d8     0x4  startup_stm32f10x_hd.o [1]
  .text              ro code   0x800'22dc     0x4  startup_stm32f10x_hd.o [1]
  .text              ro code   0x800'22e0     0x4  startup_stm32f10x_hd.o [1]
  .text              ro code   0x800'22e4     0x4  startup_stm32f10x_hd.o [1]
  .text              ro code   0x800'22e8     0x4  startup_stm32f10x_hd.o [1]
  .text              ro code   0x800'22ec     0x4  startup_stm32f10x_hd.o [1]
  .text              ro code   0x800'22f0     0x4  startup_stm32f10x_hd.o [1]
  .text              ro code   0x800'22f4     0x4  startup_stm32f10x_hd.o [1]
  .text              ro code   0x800'22f8     0x4  startup_stm32f10x_hd.o [1]
  .text              ro code   0x800'22fc     0x4  startup_stm32f10x_hd.o [1]
  .text              ro code   0x800'2300     0x4  startup_stm32f10x_hd.o [1]
  .text              ro code   0x800'2304     0x4  startup_stm32f10x_hd.o [1]
  .text              ro code   0x800'2308     0x4  startup_stm32f10x_hd.o [1]
  .text              ro code   0x800'230c     0x4  startup_stm32f10x_hd.o [1]
  .text              ro code   0x800'2310     0x4  startup_stm32f10x_hd.o [1]
  .text              ro code   0x800'2314     0x4  startup_stm32f10x_hd.o [1]
  .text              ro code   0x800'2318     0x4  startup_stm32f10x_hd.o [1]
  .text              ro code   0x800'231c     0x4  startup_stm32f10x_hd.o [1]
  .text              ro code   0x800'2320     0x4  startup_stm32f10x_hd.o [1]
  .text              ro code   0x800'2324     0x4  startup_stm32f10x_hd.o [1]
  .text              ro code   0x800'2328     0x4  startup_stm32f10x_hd.o [1]
  .text              ro code   0x800'232c     0x4  startup_stm32f10x_hd.o [1]
  .text              ro code   0x800'2330     0x4  startup_stm32f10x_hd.o [1]
  .text              ro code   0x800'2334     0x4  startup_stm32f10x_hd.o [1]
  .text              ro code   0x800'2338     0x4  startup_stm32f10x_hd.o [1]
  .text              ro code   0x800'233c     0x4  startup_stm32f10x_hd.o [1]
  .text              ro code   0x800'2340     0x4  startup_stm32f10x_hd.o [1]
  .text              ro code   0x800'2344     0x4  startup_stm32f10x_hd.o [1]
  .text              ro code   0x800'2348     0x4  startup_stm32f10x_hd.o [1]
  .text              ro code   0x800'234c     0x4  startup_stm32f10x_hd.o [1]
  .text              ro code   0x800'2350     0x4  startup_stm32f10x_hd.o [1]
  .text              ro code   0x800'2354     0x4  startup_stm32f10x_hd.o [1]
  .text              ro code   0x800'2358     0x4  startup_stm32f10x_hd.o [1]
  .text              ro code   0x800'235c     0x4  startup_stm32f10x_hd.o [1]
  .text              ro code   0x800'2360     0x4  startup_stm32f10x_hd.o [1]
  .text              ro code   0x800'2364     0x4  startup_stm32f10x_hd.o [1]
  .text              ro code   0x800'2368     0x4  startup_stm32f10x_hd.o [1]
  .text              ro code   0x800'236c     0x4  startup_stm32f10x_hd.o [1]
  .text              ro code   0x800'2370     0x4  startup_stm32f10x_hd.o [1]
  .text              ro code   0x800'2374     0x4  startup_stm32f10x_hd.o [1]
  .text              ro code   0x800'2378     0x4  startup_stm32f10x_hd.o [1]
  .text              ro code   0x800'237c     0x4  startup_stm32f10x_hd.o [1]
  .text              ro code   0x800'2380     0x4  startup_stm32f10x_hd.o [1]
  .text              ro code   0x800'2384     0x4  startup_stm32f10x_hd.o [1]
  .text              ro code   0x800'2388     0x4  startup_stm32f10x_hd.o [1]
  .text              ro code   0x800'238c     0x4  startup_stm32f10x_hd.o [1]
  .text              ro code   0x800'2390     0x4  startup_stm32f10x_hd.o [1]
  .text              ro code   0x800'2394     0x4  startup_stm32f10x_hd.o [1]
  .text              ro code   0x800'2398     0x4  startup_stm32f10x_hd.o [1]
  .text              ro code   0x800'239c     0x4  startup_stm32f10x_hd.o [1]
  .text              ro code   0x800'23a0     0x4  startup_stm32f10x_hd.o [1]
  .text              ro code   0x800'23a4     0x4  startup_stm32f10x_hd.o [1]
  .text              ro code   0x800'23a8     0x4  startup_stm32f10x_hd.o [1]
  .text              ro code   0x800'23ac     0x4  startup_stm32f10x_hd.o [1]
  .text              ro code   0x800'23b0     0x4  startup_stm32f10x_hd.o [1]
  .text              ro code   0x800'23b4     0x4  startup_stm32f10x_hd.o [1]
  .text              ro code   0x800'23b8     0x4  startup_stm32f10x_hd.o [1]
  .text              ro code   0x800'23bc     0x4  startup_stm32f10x_hd.o [1]
  .rodata            const     0x800'23c0     0x0  zero_init3.o [3]
  .rodata            const     0x800'23c0     0x0  copy_init3.o [3]
                             - 0x800'23c0  0x2290

"P2", part 1 of 3:                           0x14
  P2-1                        0x2000'0000    0x14  <Init block>
    .data            inited   0x2000'0000    0x10  stm32f10x_rcc.o [1]
    .data            inited   0x2000'0010     0x4  stm32f10x_rcc.o [1]
                            - 0x2000'0014    0x14

"P2", part 2 of 3:                         0x2460
  .bss               zero     0x2000'0014   0x90c  SW_Boot_R485.o [1]
  .bss               zero     0x2000'0920   0x90c  SW_Boot_Uart.o [1]
  .bss               zero     0x2000'122c   0x90c  SW_Uart_Receive.o [1]
  .bss               zero     0x2000'1b38   0x904  SW_Boot_Uart.o [1]
  .bss               zero     0x2000'243c    0x10  SW_Boot_SysCfg.o [1]
  .bss               zero     0x2000'244c     0x8  SW_Boot_FRam.o [1]
  .bss               zero     0x2000'2454     0x4  SW_Boot_SysCfg.o [1]
  .bss               zero     0x2000'2458     0x4  SW_Boot_SysCfg.o [1]
  .bss               zero     0x2000'245c     0x4  SW_Boot_SysCfg.o [1]
  .bss               zero     0x2000'2460     0x4  SW_Boot_SysCfg.o [1]
  .bss               zero     0x2000'2464     0x4  SW_Boot_SysCfg.o [1]
  .bss               zero     0x2000'2468     0x4  SW_Boot_SysCfg.o [1]
  .bss               zero     0x2000'246c     0x4  SW_Boot_SysTick_HL.o [1]
  .bss               zero     0x2000'2470     0x4  SW_Boot_SysTick_HL.o [1]
                            - 0x2000'2474  0x2460

"P2", part 3 of 3:                          0x400
  CSTACK                      0x2000'2478   0x400  <Block>
    CSTACK           uninit   0x2000'2478   0x400  <Block tail>
                            - 0x2000'2878   0x400

Unused ranges:

         From           To    Size
         ----           --    ----
   0x800'23c0   0x800'ffff  0xdc40
  0x2000'2474  0x2000'2477     0x4
  0x2000'2878  0x2000'4fff  0x2788


*******************************************************************************
*** INIT TABLE
***

          Address      Size
          -------      ----
Zero (__iar_zero_init3)
    1 destination range, total size 0x2460:
          0x2000'0014  0x2460

Copy (__iar_copy_init3)
    1 source range, total size 0x14:
           0x800'2268    0x14
    1 destination range, total size 0x14:
          0x2000'0000    0x14



*******************************************************************************
*** MODULE SUMMARY
***

    Module                  ro code  ro data  rw data
    ------                  -------  -------  -------
command line/config:
    -------------------------------------------------
    Total:

E:\AnyID\Periph\Git\R0001\Bootloader\R0001\Build\Obj: [1]
    SW_Boot_FRam.o               72                 8
    SW_Boot_FRam_HL.o           316       16
    SW_Boot_R485.o                              2'316
    SW_Boot_R485_HL.o           116        8
    SW_Boot_SysCfg.o          2'024       96       40
    SW_Boot_SysTick_HL.o        164                 8
    SW_Boot_Uart.o            1'332             4'624
    SW_Boot_Uart_HL.o           272       16
    SW_FRam.o                   340
    SW_Stdlib.o                  72
    SW_Uart_Receive.o           282             2'316
    main.o                       20
    misc.o                      184
    startup_stm32f10x_hd.o      552
    stm32f10x_flash.o           476
    stm32f10x_gpio.o            376
    stm32f10x_it.o              186
    stm32f10x_rcc.o             780       20       20
    stm32f10x_usart.o           710
    system_stm32f10x.o           82
    -------------------------------------------------
    Total:                    8'356      156    9'332

dl7M_tlf.a: [2]
    exit.o                        4
    low_level_init.o              4
    -------------------------------------------------
    Total:                        8

rt7M_tl.a: [3]
    ABImemcpy.o                 166
    ABImemset.o                 102
    cexit.o                      10
    cmain.o                      30
    copy_init3.o                 46
    cstartup_M.o                 12
    data_init.o                  40
    memcmp.o                    104
    zero_init3.o                 58
    -------------------------------------------------
    Total:                      568

shb_l.a: [4]
    exit.o                       20
    -------------------------------------------------
    Total:                       20

    Gaps                          6        2
    Linker created                        36    1'024
-----------------------------------------------------
    Grand Total:              8'958      194   10'356


*******************************************************************************
*** ENTRY LIST
***

Entry                       Address   Size  Type      Object
-----                       -------   ----  ----      ------
.iar.init_table$$Base    0x800'21d4          --   Gb  - Linker created -
.iar.init_table$$Limit   0x800'21f8          --   Gb  - Linker created -
?main                    0x800'21f9         Code  Gb  cmain.o [3]
ADCPrescTable           0x2000'0010    0x4  Data  Lc  stm32f10x_rcc.o [1]
APBAHBPrescTable        0x2000'0000   0x10  Data  Lc  stm32f10x_rcc.o [1]
BL_ReadImagePage         0x800'1d27   0x3e  Code  Gb  SW_Boot_Uart.o [1]
BL_WriteImagePage        0x800'1cdb   0x4c  Code  Gb  SW_Boot_Uart.o [1]
BusFault_Handler         0x800'206f    0x2  Code  Gb  stm32f10x_it.o [1]
CSTACK$$Base            0x2000'2478          --   Gb  - Linker created -
CSTACK$$Limit           0x2000'2878          --   Gb  - Linker created -
DMA1_Channel1_IRQHandler
                         0x800'2121    0x2  Code  Gb  stm32f10x_it.o [1]
DebugMon_Handler         0x800'2075    0x2  Code  Gb  stm32f10x_it.o [1]
FLASH_ErasePage          0x800'0c6b   0x54  Code  Gb  stm32f10x_flash.o [1]
FLASH_GetBank1Status     0x800'0d89   0x28  Code  Gb  stm32f10x_flash.o [1]
FLASH_Lock               0x800'0c5d    0xe  Code  Gb  stm32f10x_flash.o [1]
FLASH_PrefetchBufferCmd
                         0x800'0c37   0x14  Code  Gb  stm32f10x_flash.o [1]
FLASH_ProgramHalfWord    0x800'0d3f   0x4a  Code  Gb  stm32f10x_flash.o [1]
FLASH_ProgramWord        0x800'0cbf   0x80  Code  Gb  stm32f10x_flash.o [1]
FLASH_SetLatency         0x800'0c25   0x12  Code  Gb  stm32f10x_flash.o [1]
FLASH_Unlock             0x800'0c4b   0x12  Code  Gb  stm32f10x_flash.o [1]
FLASH_WaitForLastOperation
                         0x800'0dd1   0x30  Code  Gb  stm32f10x_flash.o [1]
FRAM_SCL_PORT            0x800'22a0    0x8  Data  Gb  SW_Boot_FRam_HL.o [1]
FRAM_SDA_PORT            0x800'2298    0x8  Data  Gb  SW_Boot_FRam_HL.o [1]
FRam_Delayms             0x800'1f3b   0x12  Code  Gb  SW_Boot_FRam_HL.o [1]
FRam_I2CDelay            0x800'1f2d    0xe  Code  Gb  SW_Boot_FRam_HL.o [1]
FRam_I2CSendByte         0x800'2017   0x4a  Code  Gb  SW_Boot_FRam_HL.o [1]
FRam_I2CStart            0x800'1f4d   0x58  Code  Gb  SW_Boot_FRam_HL.o [1]
FRam_I2CStop             0x800'1fa5   0x30  Code  Gb  SW_Boot_FRam_HL.o [1]
FRam_I2CWaitAck          0x800'1fd5   0x42  Code  Gb  SW_Boot_FRam_HL.o [1]
FRam_WriteBuffer         0x800'1e85   0xa8  Code  Gb  SW_FRam.o [1]
FRam_WritePage           0x800'1dd9   0xac  Code  Gb  SW_FRam.o [1]
Fram_GetUartBaudrate     0x800'10f5   0x20  Code  Gb  SW_Boot_FRam.o [1]
Fram_WriteBootParamenter
                         0x800'10d1   0x24  Code  Gb  SW_Boot_FRam.o [1]
GPIO_Init                0x800'0f59   0xea  Code  Gb  stm32f10x_gpio.o [1]
GPIO_PinRemapConfig      0x800'1043   0x84  Code  Gb  stm32f10x_gpio.o [1]
HardFault_Handler        0x800'206b    0x2  Code  Gb  stm32f10x_it.o [1]
JumpAddress             0x2000'2468    0x4  Data  Gb  SW_Boot_SysCfg.o [1]
Jump_To_Application     0x2000'2464    0x4  Data  Gb  SW_Boot_SysCfg.o [1]
MemManage_Handler        0x800'206d    0x2  Code  Gb  stm32f10x_it.o [1]
NMI_Handler              0x800'2069    0x2  Code  Gb  stm32f10x_it.o [1]
NVIC_Init                0x800'0e0b   0x66  Code  Gb  misc.o [1]
NVIC_PriorityGroupConfig
                         0x800'0e01    0xa  Code  Gb  misc.o [1]
NVIC_SetVectorTable      0x800'0e71    0xc  Code  Gb  misc.o [1]
PendSV_Handler           0x800'2077    0x2  Code  Gb  stm32f10x_it.o [1]
R485_Delayms             0x800'1d77   0x12  Code  Gb  SW_Boot_R485_HL.o [1]
R485_PORT_CTRL           0x800'22a8    0x8  Data  Gb  SW_Boot_R485_HL.o [1]
R485_WriteBuffer         0x800'1d89   0x42  Code  Gb  SW_Boot_R485_HL.o [1]
R485_WriteByte           0x800'1d65   0x12  Code  Gb  SW_Boot_R485_HL.o [1]
RCC_ADCCLKConfig         0x800'0a3f   0x10  Code  Gb  stm32f10x_rcc.o [1]
RCC_APB1PeriphClockCmd   0x800'0b43   0x1c  Code  Gb  stm32f10x_rcc.o [1]
RCC_APB1PeriphResetCmd   0x800'0b7b   0x1c  Code  Gb  stm32f10x_rcc.o [1]
RCC_APB2PeriphClockCmd   0x800'0b27   0x1c  Code  Gb  stm32f10x_rcc.o [1]
RCC_APB2PeriphResetCmd   0x800'0b5f   0x1c  Code  Gb  stm32f10x_rcc.o [1]
RCC_DeInit               0x800'0919   0x40  Code  Gb  stm32f10x_rcc.o [1]
RCC_GetClocksFreq        0x800'0a4f   0xd8  Code  Gb  stm32f10x_rcc.o [1]
RCC_GetFlagStatus        0x800'0b97   0x46  Code  Gb  stm32f10x_rcc.o [1]
RCC_GetSYSCLKSource      0x800'0a03    0xa  Code  Gb  stm32f10x_rcc.o [1]
RCC_HCLKConfig           0x800'0a0d   0x10  Code  Gb  stm32f10x_rcc.o [1]
RCC_HSEConfig            0x800'0959   0x3a  Code  Gb  stm32f10x_rcc.o [1]
RCC_PCLK1Config          0x800'0a1d   0x10  Code  Gb  stm32f10x_rcc.o [1]
RCC_PCLK2Config          0x800'0a2d   0x12  Code  Gb  stm32f10x_rcc.o [1]
RCC_PLLCmd               0x800'09e9    0xa  Code  Gb  stm32f10x_rcc.o [1]
RCC_PLLConfig            0x800'09d1   0x18  Code  Gb  stm32f10x_rcc.o [1]
RCC_SYSCLKConfig         0x800'09f3   0x10  Code  Gb  stm32f10x_rcc.o [1]
RCC_WaitForHSEStartUp    0x800'0993   0x3e  Code  Gb  stm32f10x_rcc.o [1]
Region$$Table$$Base      0x800'21d4          --   Gb  - Linker created -
Region$$Table$$Limit     0x800'21f8          --   Gb  - Linker created -
STick_InitSysTick        0x800'1285   0x26  Code  Gb  SW_Boot_SysTick_HL.o [1]
SVC_Handler              0x800'2073    0x2  Code  Gb  stm32f10x_it.o [1]
SYS_ALARMLED_COM         0x800'22c0    0x8  Data  Gb  SW_Boot_SysCfg.o [1]
SYS_BOOT_VERSION         0x800'2178   0x34  Data  Gb  SW_Boot_SysCfg.o [1]
SYS_RUNLED_COM           0x800'22b8    0x8  Data  Gb  SW_Boot_SysCfg.o [1]
SetSysClock              0x800'2175    0x2  Code  Lc  system_stm32f10x.o [1]
SysTick_CLKSourceConfig
                         0x800'0e7d   0x1c  Code  Gb  misc.o [1]
SysTick_Config           0x800'1255   0x30  Code  Lc  SW_Boot_SysTick_HL.o [1]
SysTick_Handler          0x800'2079   0x46  Code  Gb  stm32f10x_it.o [1]
Sys_BootTask             0x800'039f   0x46  Code  Gb  SW_Boot_SysCfg.o [1]
Sys_CfgClock             0x800'0143   0x6e  Code  Gb  SW_Boot_SysCfg.o [1]
Sys_CfgNVIC              0x800'01cf   0x16  Code  Gb  SW_Boot_SysCfg.o [1]
Sys_CfgPeriphClk         0x800'01b1   0x1e  Code  Gb  SW_Boot_SysCfg.o [1]
Sys_CheckAppEmpty        0x800'04db   0x34  Code  Gb  SW_Boot_SysCfg.o [1]
Sys_CheckVersion         0x800'0461   0x7a  Code  Gb  SW_Boot_SysCfg.o [1]
Sys_CtrlIOInit           0x800'01e5   0x4a  Code  Gb  SW_Boot_SysCfg.o [1]
Sys_Delayms              0x800'0131   0x12  Code  Gb  SW_Boot_SysCfg.o [1]
Sys_Init                 0x800'022f   0xf0  Code  Gb  SW_Boot_SysCfg.o [1]
Sys_Jump                 0x800'0359   0x46  Code  Gb  SW_Boot_SysCfg.o [1]
Sys_LedTask              0x800'031f   0x3a  Code  Gb  SW_Boot_SysCfg.o [1]
Sys_LedTask{1}{2}::ledTimes
                        0x2000'2460    0x4  Data  Lc  SW_Boot_SysCfg.o [1]
Sys_ProcessBootFrame     0x800'050f  0x29c  Code  Gb  SW_Boot_SysCfg.o [1]
Sys_ReadBootParamenter   0x800'07ab   0x82  Code  Gb  SW_Boot_SysCfg.o [1]
Sys_UartTask             0x800'03e5   0x7c  Code  Gb  SW_Boot_SysCfg.o [1]
Sys_WriteBootParamenter
                         0x800'082d   0x82  Code  Gb  SW_Boot_SysCfg.o [1]
SystemInit               0x800'2125   0x3c  Code  Gb  system_stm32f10x.o [1]
UART_PORT_RX             0x800'22d0    0x8  Data  Gb  SW_Boot_Uart_HL.o [1]
UART_PORT_TX             0x800'22c8    0x8  Data  Gb  SW_Boot_Uart_HL.o [1]
USART1_IRQHandler        0x800'20bf   0x4e  Code  Gb  stm32f10x_it.o [1]
USART_ClearFlag          0x800'14f3   0x10  Code  Gb  stm32f10x_usart.o [1]
USART_ClearITPendingBit
                         0x800'156d   0x26  Code  Gb  stm32f10x_usart.o [1]
USART_Cmd                0x800'1449   0x1e  Code  Gb  stm32f10x_usart.o [1]
USART_DeInit             0x800'12cd   0x90  Code  Gb  stm32f10x_usart.o [1]
USART_GetFlagStatus      0x800'14d7   0x1c  Code  Gb  stm32f10x_usart.o [1]
USART_GetITStatus        0x800'1503   0x6a  Code  Gb  stm32f10x_usart.o [1]
USART_ITConfig           0x800'1467   0x70  Code  Gb  stm32f10x_usart.o [1]
USART_Init               0x800'135d   0xd6  Code  Gb  stm32f10x_usart.o [1]
Uart_CalCrc              0x800'1831   0x58  Code  Gb  SW_Boot_Uart.o [1]
Uart_ConfigInt           0x800'11a5   0x22  Code  Gb  SW_Boot_Uart_HL.o [1]
Uart_EnableInt           0x800'11c7   0x30  Code  Gb  SW_Boot_Uart_HL.o [1]
Uart_EraseFlash          0x800'1cc5   0x16  Code  Gb  SW_Boot_Uart.o [1]
Uart_InitInterface       0x800'1119   0x8c  Code  Gb  SW_Boot_Uart_HL.o [1]
Uart_IsRcvFrameOver      0x800'1683   0x2a  Code  Gb  SW_Uart_Receive.o [1]
Uart_ReceiveFrame        0x800'1593   0xf0  Code  Gb  SW_Uart_Receive.o [1]
Uart_RspBoot             0x800'194b   0x94  Code  Gb  SW_Boot_Uart.o [1]
Uart_RspDownload         0x800'1b07  0x11c  Code  Gb  SW_Boot_Uart.o [1]
Uart_RspErase            0x800'1c23   0x9e  Code  Gb  SW_Boot_Uart.o [1]
Uart_RspFrame            0x800'1889   0xc2  Code  Gb  SW_Boot_Uart.o [1]
Uart_RspJmp              0x800'19df   0x94  Code  Gb  SW_Boot_Uart.o [1]
Uart_RspReset            0x800'1a73   0x94  Code  Gb  SW_Boot_Uart.o [1]
Uart_WriteBuffer         0x800'11f7   0x20  Code  Gb  SW_Boot_Uart_HL.o [1]
UsageFault_Handler       0x800'2071    0x2  Code  Gb  stm32f10x_it.o [1]
__ICFEDIT_region_RAM_end__ {Abs}
                        0x2000'4fff         Data  Gb  <internal module>
__ICFEDIT_region_RAM_start__ {Abs}
                        0x2000'0000         Data  Gb  <internal module>
__NVIC_SetPriority       0x800'1229   0x2c  Code  Lc  SW_Boot_SysTick_HL.o [1]
__aeabi_memcpy           0x800'1715         Code  Gb  ABImemcpy.o [3]
__aeabi_memcpy4          0x800'1735         Code  Gb  ABImemcpy.o [3]
__aeabi_memcpy8          0x800'1735         Code  Gb  ABImemcpy.o [3]
__aeabi_memset           0x800'0eb9         Code  Gb  ABImemset.o [3]
__cmain                  0x800'21f9         Code  Gb  cmain.o [3]
__exit                   0x800'2241   0x14  Code  Gb  exit.o [4]
__iar_Memset             0x800'0eb9         Code  Gb  ABImemset.o [3]
__iar_Memset_word        0x800'0ec1         Code  Gb  ABImemset.o [3]
__iar_copy_init3         0x800'17bb   0x2e  Code  Gb  copy_init3.o [3]
__iar_data_init3         0x800'21ad   0x28  Code  Gb  data_init.o [3]
__iar_program_start      0x800'228d         Code  Gb  cstartup_M.o [3]
__iar_zero_init3         0x800'0f1f   0x3a  Code  Gb  zero_init3.o [3]
__low_level_init         0x800'2217    0x4  Code  Gb  low_level_init.o [2]
__vector_table           0x800'0000         Data  Gb  startup_stm32f10x_hd.o [1]
_call_main               0x800'2205         Code  Gb  cmain.o [3]
_exit                    0x800'2235         Code  Gb  cexit.o [3]
_main                    0x800'2213         Code  Gb  cmain.o [3]
a_GetCrc                 0x800'17e9   0x48  Code  Gb  SW_Stdlib.o [1]
exit                     0x800'222f    0x4  Code  Gb  exit.o [2]
g_nDeviceNxtDownloadAddr
                        0x2000'245c    0x4  Data  Gb  SW_Boot_SysCfg.o [1]
g_nDeviceNxtEraseAddr   0x2000'2458    0x4  Data  Gb  SW_Boot_SysCfg.o [1]
g_nSysDelay             0x2000'2470    0x4  Data  Gb  SW_Boot_SysTick_HL.o [1]
g_nSysState             0x2000'2454    0x4  Data  Gb  SW_Boot_SysCfg.o [1]
g_nSysTick              0x2000'246c    0x4  Data  Gb  SW_Boot_SysTick_HL.o [1]
g_sFramBootParamenter   0x2000'244c    0x8  Data  Gb  SW_Boot_FRam.o [1]
g_sR485RcvFrame         0x2000'0014  0x90c  Data  Gb  SW_Boot_R485.o [1]
g_sSysBootParamenter    0x2000'243c   0x10  Data  Gb  SW_Boot_SysCfg.o [1]
g_sUartRcvFrame         0x2000'0920  0x90c  Data  Gb  SW_Boot_Uart.o [1]
g_sUartTempRcvFrame     0x2000'122c  0x90c  Data  Gb  SW_Uart_Receive.o [1]
g_sUartTxFrame          0x2000'1b38  0x904  Data  Gb  SW_Boot_Uart.o [1]
main                     0x800'221b   0x14  Code  Gb  main.o [1]
memcmp                   0x800'16ad         Code  Gb  memcmp.o [3]


[1] = E:\AnyID\Periph\Git\R0001\Bootloader\R0001\Build\Obj
[2] = dl7M_tlf.a
[3] = rt7M_tl.a
[4] = shb_l.a

   8'958 bytes of readonly  code memory
     194 bytes of readonly  data memory
  10'356 bytes of readwrite data memory

Errors: none
Warnings: none
